Archive member included to satisfy reference by file (symbol)

C:/Users/R/STM32CubeIDE/workspace_1.6.1/nucleol476rg/libhellowrold.a(hellowrold-d68fd516baac8601.hellowrold.cgdufkul-cgu.0.rcgu.o)
                              Core/Src/main.o (test)
C:/Users/R/STM32CubeIDE/workspace_1.6.1/nucleol476rg/libhellowrold.a(compiler_builtins-09c3e5620e7b76e8.compiler_builtins.41a4mbyr-cgu.119.rcgu.o)
                              c:/st/stm32cubeide_1.6.1/stm32cubeide/plugins/com.st.stm32cube.ide.mcu.externaltools.gnu-tools-for-stm32.9-2020-q2-update.win32_1.5.0.202011040924/tools/bin/../lib/gcc/arm-none-eabi/9.3.1/../../../../arm-none-eabi/lib/thumb/v7e-m+fp/hard/crt0.o (memset)
C:/Users/R/STM32CubeIDE/workspace_1.6.1/nucleol476rg/libhellowrold.a(compiler_builtins-09c3e5620e7b76e8.compiler_builtins.41a4mbyr-cgu.92.rcgu.o)
                              Drivers/STM32L4xx_HAL_Driver/Src/stm32l4xx_hal_uart.o (__aeabi_uldivmod)
C:/Users/R/STM32CubeIDE/workspace_1.6.1/nucleol476rg/libhellowrold.a(divsi3.o)
                              C:/Users/R/STM32CubeIDE/workspace_1.6.1/nucleol476rg/libhellowrold.a(compiler_builtins-09c3e5620e7b76e8.compiler_builtins.41a4mbyr-cgu.92.rcgu.o) (__aeabi_idiv)
C:/Users/R/STM32CubeIDE/workspace_1.6.1/nucleol476rg/libhellowrold.a(udivmodsi4.o)
                              C:/Users/R/STM32CubeIDE/workspace_1.6.1/nucleol476rg/libhellowrold.a(compiler_builtins-09c3e5620e7b76e8.compiler_builtins.41a4mbyr-cgu.92.rcgu.o) (__udivmodsi4)
C:/Users/R/STM32CubeIDE/workspace_1.6.1/nucleol476rg/libhellowrold.a(compiler_builtins-09c3e5620e7b76e8.compiler_builtins.41a4mbyr-cgu.16.rcgu.o)
                              C:/Users/R/STM32CubeIDE/workspace_1.6.1/nucleol476rg/libhellowrold.a(compiler_builtins-09c3e5620e7b76e8.compiler_builtins.41a4mbyr-cgu.92.rcgu.o) (__divmoddi4)
C:/Users/R/STM32CubeIDE/workspace_1.6.1/nucleol476rg/libhellowrold.a(compiler_builtins-09c3e5620e7b76e8.compiler_builtins.41a4mbyr-cgu.44.rcgu.o)
                              C:/Users/R/STM32CubeIDE/workspace_1.6.1/nucleol476rg/libhellowrold.a(compiler_builtins-09c3e5620e7b76e8.compiler_builtins.41a4mbyr-cgu.16.rcgu.o) (compiler_builtins::int::specialized_div_rem::u64_div_rem)
C:/Users/R/STM32CubeIDE/workspace_1.6.1/nucleol476rg/libhellowrold.a(compiler_builtins-09c3e5620e7b76e8.compiler_builtins.41a4mbyr-cgu.85.rcgu.o)
                              C:/Users/R/STM32CubeIDE/workspace_1.6.1/nucleol476rg/libhellowrold.a(compiler_builtins-09c3e5620e7b76e8.compiler_builtins.41a4mbyr-cgu.92.rcgu.o) (__udivmoddi4)
C:/Users/R/STM32CubeIDE/workspace_1.6.1/nucleol476rg/libhellowrold.a(aeabi_div0.o)
                              C:/Users/R/STM32CubeIDE/workspace_1.6.1/nucleol476rg/libhellowrold.a(udivmodsi4.o) (__aeabi_idiv0)
c:/st/stm32cubeide_1.6.1/stm32cubeide/plugins/com.st.stm32cube.ide.mcu.externaltools.gnu-tools-for-stm32.9-2020-q2-update.win32_1.5.0.202011040924/tools/bin/../lib/gcc/arm-none-eabi/9.3.1/../../../../arm-none-eabi/lib/thumb/v7e-m+fp/hard\libc_nano.a(lib_a-errno.o)
                              Core/Src/syscalls.o (__errno)
c:/st/stm32cubeide_1.6.1/stm32cubeide/plugins/com.st.stm32cube.ide.mcu.externaltools.gnu-tools-for-stm32.9-2020-q2-update.win32_1.5.0.202011040924/tools/bin/../lib/gcc/arm-none-eabi/9.3.1/../../../../arm-none-eabi/lib/thumb/v7e-m+fp/hard\libc_nano.a(lib_a-exit.o)
                              c:/st/stm32cubeide_1.6.1/stm32cubeide/plugins/com.st.stm32cube.ide.mcu.externaltools.gnu-tools-for-stm32.9-2020-q2-update.win32_1.5.0.202011040924/tools/bin/../lib/gcc/arm-none-eabi/9.3.1/../../../../arm-none-eabi/lib/thumb/v7e-m+fp/hard/crt0.o (exit)
c:/st/stm32cubeide_1.6.1/stm32cubeide/plugins/com.st.stm32cube.ide.mcu.externaltools.gnu-tools-for-stm32.9-2020-q2-update.win32_1.5.0.202011040924/tools/bin/../lib/gcc/arm-none-eabi/9.3.1/../../../../arm-none-eabi/lib/thumb/v7e-m+fp/hard\libc_nano.a(lib_a-fflush.o)
                              Core/Src/main.o (fflush)
c:/st/stm32cubeide_1.6.1/stm32cubeide/plugins/com.st.stm32cube.ide.mcu.externaltools.gnu-tools-for-stm32.9-2020-q2-update.win32_1.5.0.202011040924/tools/bin/../lib/gcc/arm-none-eabi/9.3.1/../../../../arm-none-eabi/lib/thumb/v7e-m+fp/hard\libc_nano.a(lib_a-findfp.o)
                              c:/st/stm32cubeide_1.6.1/stm32cubeide/plugins/com.st.stm32cube.ide.mcu.externaltools.gnu-tools-for-stm32.9-2020-q2-update.win32_1.5.0.202011040924/tools/bin/../lib/gcc/arm-none-eabi/9.3.1/../../../../arm-none-eabi/lib/thumb/v7e-m+fp/hard\libc_nano.a(lib_a-fflush.o) (__sinit)
c:/st/stm32cubeide_1.6.1/stm32cubeide/plugins/com.st.stm32cube.ide.mcu.externaltools.gnu-tools-for-stm32.9-2020-q2-update.win32_1.5.0.202011040924/tools/bin/../lib/gcc/arm-none-eabi/9.3.1/../../../../arm-none-eabi/lib/thumb/v7e-m+fp/hard\libc_nano.a(lib_a-fwalk.o)
[...]
Memory Configuration

Name             Origin             Length             Attributes
RAM              0x0000000020000000 0x0000000000018000 xrw
RAM2             0x0000000010000000 0x0000000000008000 xrw
FLASH            0x0000000008000000 0x0000000000100000 xr
*default*        0x0000000000000000 0xffffffffffffffff

Linker script and memory map

LOAD c:/st/stm32cubeide_1.6.1/stm32cubeide/plugins/com.st.stm32cube.ide.mcu.externaltools.gnu-tools-for-stm32.9-2020-q2-update.win32_1.5.0.202011040924/tools/bin/../lib/gcc/arm-none-eabi/9.3.1/thumb/v7e-m+fp/hard/crti.o
LOAD c:/st/stm32cubeide_1.6.1/stm32cubeide/plugins/com.st.stm32cube.ide.mcu.externaltools.gnu-tools-for-stm32.9-2020-q2-update.win32_1.5.0.202011040924/tools/bin/../lib/gcc/arm-none-eabi/9.3.1/thumb/v7e-m+fp/hard/crtbegin.o
LOAD c:/st/stm32cubeide_1.6.1/stm32cubeide/plugins/com.st.stm32cube.ide.mcu.externaltools.gnu-tools-for-stm32.9-2020-q2-update.win32_1.5.0.202011040924/tools/bin/../lib/gcc/arm-none-eabi/9.3.1/../../../../arm-none-eabi/lib/thumb/v7e-m+fp/hard/crt0.o
LOAD Core/Src/main.o
LOAD Core/Src/stm32l4xx_hal_msp.o
LOAD Core/Src/stm32l4xx_it.o
LOAD Core/Src/syscalls.o
LOAD Core/Src/sysmem.o
LOAD Core/Src/system_stm32l4xx.o
LOAD Core/Startup/startup_stm32l476rgtx.o
LOAD Drivers/STM32L4xx_HAL_Driver/Src/stm32l4xx_hal.o
LOAD Drivers/STM32L4xx_HAL_Driver/Src/stm32l4xx_hal_cortex.o
LOAD Drivers/STM32L4xx_HAL_Driver/Src/stm32l4xx_hal_dma.o
LOAD Drivers/STM32L4xx_HAL_Driver/Src/stm32l4xx_hal_dma_ex.o
LOAD Drivers/STM32L4xx_HAL_Driver/Src/stm32l4xx_hal_exti.o
LOAD Drivers/STM32L4xx_HAL_Driver/Src/stm32l4xx_hal_flash.o
LOAD Drivers/STM32L4xx_HAL_Driver/Src/stm32l4xx_hal_flash_ex.o
LOAD Drivers/STM32L4xx_HAL_Driver/Src/stm32l4xx_hal_flash_ramfunc.o
LOAD Drivers/STM32L4xx_HAL_Driver/Src/stm32l4xx_hal_gpio.o
LOAD Drivers/STM32L4xx_HAL_Driver/Src/stm32l4xx_hal_i2c.o
LOAD Drivers/STM32L4xx_HAL_Driver/Src/stm32l4xx_hal_i2c_ex.o
LOAD Drivers/STM32L4xx_HAL_Driver/Src/stm32l4xx_hal_pwr.o
LOAD Drivers/STM32L4xx_HAL_Driver/Src/stm32l4xx_hal_pwr_ex.o
LOAD Drivers/STM32L4xx_HAL_Driver/Src/stm32l4xx_hal_rcc.o
LOAD Drivers/STM32L4xx_HAL_Driver/Src/stm32l4xx_hal_rcc_ex.o
LOAD Drivers/STM32L4xx_HAL_Driver/Src/stm32l4xx_hal_tim.o
LOAD Drivers/STM32L4xx_HAL_Driver/Src/stm32l4xx_hal_tim_ex.o
LOAD Drivers/STM32L4xx_HAL_Driver/Src/stm32l4xx_hal_uart.o
LOAD Drivers/STM32L4xx_HAL_Driver/Src/stm32l4xx_hal_uart_ex.o
LOAD C:/Users/R/STM32CubeIDE/workspace_1.6.1/nucleol476rg/libhellowrold.a
START GROUP
LOAD c:/st/stm32cubeide_1.6.1/stm32cubeide/plugins/com.st.stm32cube.ide.mcu.externaltools.gnu-tools-for-stm32.9-2020-q2-update.win32_1.5.0.202011040924/tools/bin/../lib/gcc/arm-none-eabi/9.3.1/../../../../arm-none-eabi/lib/thumb/v7e-m+fp/hard\libc_nano.a
LOAD c:/st/stm32cubeide_1.6.1/stm32cubeide/plugins/com.st.stm32cube.ide.mcu.externaltools.gnu-tools-for-stm32.9-2020-q2-update.win32_1.5.0.202011040924/tools/bin/../lib/gcc/arm-none-eabi/9.3.1/../../../../arm-none-eabi/lib/thumb/v7e-m+fp/hard\libm.a
END GROUP
START GROUP
LOAD c:/st/stm32cubeide_1.6.1/stm32cubeide/plugins/com.st.stm32cube.ide.mcu.externaltools.gnu-tools-for-stm32.9-2020-q2-update.win32_1.5.0.202011040924/tools/bin/../lib/gcc/arm-none-eabi/9.3.1/thumb/v7e-m+fp/hard\libgcc.a
LOAD c:/st/stm32cubeide_1.6.1/stm32cubeide/plugins/com.st.stm32cube.ide.mcu.externaltools.gnu-tools-for-stm32.9-2020-q2-update.win32_1.5.0.202011040924/tools/bin/../lib/gcc/arm-none-eabi/9.3.1/../../../../arm-none-eabi/lib/thumb/v7e-m+fp/hard\libc_nano.a
END GROUP
START GROUP
LOAD c:/st/stm32cubeide_1.6.1/stm32cubeide/plugins/com.st.stm32cube.ide.mcu.externaltools.gnu-tools-for-stm32.9-2020-q2-update.win32_1.5.0.202011040924/tools/bin/../lib/gcc/arm-none-eabi/9.3.1/thumb/v7e-m+fp/hard\libgcc.a
LOAD c:/st/stm32cubeide_1.6.1/stm32cubeide/plugins/com.st.stm32cube.ide.mcu.externaltools.gnu-tools-for-stm32.9-2020-q2-update.win32_1.5.0.202011040924/tools/bin/../lib/gcc/arm-none-eabi/9.3.1/../../../../arm-none-eabi/lib/thumb/v7e-m+fp/hard\libc_nano.a
LOAD c:/st/stm32cubeide_1.6.1/stm32cubeide/plugins/com.st.stm32cube.ide.mcu.externaltools.gnu-tools-for-stm32.9-2020-q2-update.win32_1.5.0.202011040924/tools/bin/../lib/gcc/arm-none-eabi/9.3.1/../../../../arm-none-eabi/lib/thumb/v7e-m+fp/hard\libnosys.a
END GROUP
START GROUP
LOAD c:/st/stm32cubeide_1.6.1/stm32cubeide/plugins/com.st.stm32cube.ide.mcu.externaltools.gnu-tools-for-stm32.9-2020-q2-update.win32_1.5.0.202011040924/tools/bin/../lib/gcc/arm-none-eabi/9.3.1/thumb/v7e-m+fp/hard\libgcc.a
LOAD c:/st/stm32cubeide_1.6.1/stm32cubeide/plugins/com.st.stm32cube.ide.mcu.externaltools.gnu-tools-for-stm32.9-2020-q2-update.win32_1.5.0.202011040924/tools/bin/../lib/gcc/arm-none-eabi/9.3.1/../../../../arm-none-eabi/lib/thumb/v7e-m+fp/hard\libc_nano.a
LOAD c:/st/stm32cubeide_1.6.1/stm32cubeide/plugins/com.st.stm32cube.ide.mcu.externaltools.gnu-tools-for-stm32.9-2020-q2-update.win32_1.5.0.202011040924/tools/bin/../lib/gcc/arm-none-eabi/9.3.1/../../../../arm-none-eabi/lib/thumb/v7e-m+fp/hard\libnosys.a
END GROUP
LOAD c:/st/stm32cubeide_1.6.1/stm32cubeide/plugins/com.st.stm32cube.ide.mcu.externaltools.gnu-tools-for-stm32.9-2020-q2-update.win32_1.5.0.202011040924/tools/bin/../lib/gcc/arm-none-eabi/9.3.1/thumb/v7e-m+fp/hard/crtend.o
LOAD c:/st/stm32cubeide_1.6.1/stm32cubeide/plugins/com.st.stm32cube.ide.mcu.externaltools.gnu-tools-for-stm32.9-2020-q2-update.win32_1.5.0.202011040924/tools/bin/../lib/gcc/arm-none-eabi/9.3.1/thumb/v7e-m+fp/hard/crtn.o
                0x0000000020018000                _estack = (ORIGIN (RAM) + LENGTH (RAM))
                0x0000000000000200                _Min_Heap_Size = 0x200
                0x0000000000000400                _Min_Stack_Size = 0x400

.isr_vector     0x0000000008000000      0x188
                0x0000000008000000                . = ALIGN (0x4)
 *(.isr_vector)
 .isr_vector    0x0000000008000000      0x188 Core/Startup/startup_stm32l476rgtx.o
                0x0000000008000000                g_pfnVectors
                0x0000000008000188                . = ALIGN (0x4)

.text           0x0000000008000190     0x5584
                0x0000000008000190                . = ALIGN (0x4)
 *(.text)
 .text          0x0000000008000190       0x40 c:/st/stm32cubeide_1.6.1/stm32cubeide/plugins/com.st.stm32cube.ide.mcu.externaltools.gnu-tools-for-stm32.9-2020-q2-update.win32_1.5.0.202011040924/tools/bin/../lib/gcc/arm-none-eabi/9.3.1/thumb/v7e-m+fp/hard/crtbegin.o
 .text          0x00000000080001d0       0xa0 c:/st/stm32cubeide_1.6.1/stm32cubeide/plugins/com.st.stm32cube.ide.mcu.externaltools.gnu-tools-for-stm32.9-2020-q2-update.win32_1.5.0.202011040924/tools/bin/../lib/gcc/arm-none-eabi/9.3.1/../../../../arm-none-eabi/lib/thumb/v7e-m+fp/hard\libc_nano.a(lib_a-memchr.o)
                0x00000000080001d0                memchr
 *(.text*)
 .text.__io_putchar
                0x0000000008000270       0x24 Core/Src/main.o
                0x0000000008000270                __io_putchar
 .text.main     0x0000000008000294       0xd4 Core/Src/main.o
                0x0000000008000294                main
 .text.SystemClock_Config
                0x0000000008000368       0xea Core/Src/main.o
                0x0000000008000368                SystemClock_Config
 *fill*         0x0000000008000452        0x2 
 .text.MX_USART2_UART_Init
                0x0000000008000454       0x60 Core/Src/main.o
 .text.MX_DMA_Init
                0x00000000080004b4       0x3c Core/Src/main.o
 .text.MX_GPIO_Init
                0x00000000080004f0       0xf4 Core/Src/main.o
 .text.HAL_UART_RxCpltCallback
                0x00000000080005e4       0x2c Core/Src/main.o
                0x00000000080005e4                HAL_UART_RxCpltCallback
 .text.Error_Handler
                0x0000000008000610       0x14 Core/Src/main.o
                0x0000000008000610                Error_Handler
 .text.HAL_MspInit
                0x0000000008000624       0x48 Core/Src/stm32l4xx_hal_msp.o
                0x0000000008000624                HAL_MspInit
 .text.HAL_UART_MspInit
                0x000000000800066c       0xf0 Core/Src/stm32l4xx_hal_msp.o
                0x000000000800066c                HAL_UART_MspInit
 .text.NMI_Handler
                0x000000000800075c        0x6 Core/Src/stm32l4xx_it.o
                0x000000000800075c                NMI_Handler
 .text.HardFault_Handler
                0x0000000008000762        0x6 Core/Src/stm32l4xx_it.o
                0x0000000008000762                HardFault_Handler
 .text.MemManage_Handler
                0x0000000008000768        0x6 Core/Src/stm32l4xx_it.o
                0x0000000008000768                MemManage_Handler
 .text.BusFault_Handler
                0x000000000800076e        0x6 Core/Src/stm32l4xx_it.o
                0x000000000800076e                BusFault_Handler
 .text.UsageFault_Handler
                0x0000000008000774        0x6 Core/Src/stm32l4xx_it.o
                0x0000000008000774                UsageFault_Handler
 .text.SVC_Handler
                0x000000000800077a        0xe Core/Src/stm32l4xx_it.o
                0x000000000800077a                SVC_Handler
 .text.DebugMon_Handler
                0x0000000008000788        0xe Core/Src/stm32l4xx_it.o
                0x0000000008000788                DebugMon_Handler
 .text.PendSV_Handler
                0x0000000008000796        0xe Core/Src/stm32l4xx_it.o
                0x0000000008000796                PendSV_Handler
 .text.SysTick_Handler
                0x00000000080007a4        0xc Core/Src/stm32l4xx_it.o
                0x00000000080007a4                SysTick_Handler
 .text.DMA1_Channel6_IRQHandler
                0x00000000080007b0       0x14 Core/Src/stm32l4xx_it.o
                0x00000000080007b0                DMA1_Channel6_IRQHandler
 .text.USART2_IRQHandler
                0x00000000080007c4       0x14 Core/Src/stm32l4xx_it.o
                0x00000000080007c4                USART2_IRQHandler
 .text._read    0x00000000080007d8       0x3a Core/Src/syscalls.o
                0x00000000080007d8                _read
 .text._write   0x0000000008000812       0x38 Core/Src/syscalls.o
                0x0000000008000812                _write
 .text._close   0x000000000800084a       0x18 Core/Src/syscalls.o
                0x000000000800084a                _close
 .text._fstat   0x0000000008000862       0x20 Core/Src/syscalls.o
                0x0000000008000862                _fstat
 .text._isatty  0x0000000008000882       0x16 Core/Src/syscalls.o
                0x0000000008000882                _isatty
 .text._lseek   0x0000000008000898       0x1a Core/Src/syscalls.o
                0x0000000008000898                _lseek
 *fill*         0x00000000080008b2        0x2 
 .text._sbrk    0x00000000080008b4       0x6c Core/Src/sysmem.o
                0x00000000080008b4                _sbrk
 .text.SystemInit
                0x0000000008000920       0x64 Core/Src/system_stm32l4xx.o
                0x0000000008000920                SystemInit
 .text.Reset_Handler
                0x0000000008000984       0x50 Core/Startup/startup_stm32l476rgtx.o
                0x0000000008000984                Reset_Handler
 .text.Default_Handler
                0x00000000080009d4        0x2 Core/Startup/startup_stm32l476rgtx.o
                0x00000000080009d4                RTC_Alarm_IRQHandler
                0x00000000080009d4                EXTI2_IRQHandler
                0x00000000080009d4                TIM8_TRG_COM_IRQHandler
                0x00000000080009d4                TIM8_CC_IRQHandler
                0x00000000080009d4                TIM1_CC_IRQHandler
                0x00000000080009d4                TSC_IRQHandler
                0x00000000080009d4                TAMP_STAMP_IRQHandler
                0x00000000080009d4                EXTI3_IRQHandler
                0x00000000080009d4                LPTIM2_IRQHandler
                0x00000000080009d4                DFSDM1_FLT1_IRQHandler
                0x00000000080009d4                I2C3_ER_IRQHandler
                0x00000000080009d4                DFSDM1_FLT2_IRQHandler
                0x00000000080009d4                EXTI0_IRQHandler
                0x00000000080009d4                I2C2_EV_IRQHandler
                0x00000000080009d4                CAN1_RX0_IRQHandler
                0x00000000080009d4                FPU_IRQHandler
                0x00000000080009d4                TIM1_UP_TIM16_IRQHandler
                0x00000000080009d4                ADC1_2_IRQHandler
                0x00000000080009d4                SPI1_IRQHandler
                0x00000000080009d4                TIM6_DAC_IRQHandler
                0x00000000080009d4                TIM8_UP_IRQHandler
                0x00000000080009d4                DMA2_Channel2_IRQHandler
                0x00000000080009d4                DMA1_Channel4_IRQHandler
                0x00000000080009d4                SAI2_IRQHandler
                0x00000000080009d4                DFSDM1_FLT3_IRQHandler
                0x00000000080009d4                USART3_IRQHandler
                0x00000000080009d4                DMA1_Channel7_IRQHandler
                0x00000000080009d4                CAN1_RX1_IRQHandler
                0x00000000080009d4                LCD_IRQHandler
                0x00000000080009d4                UART5_IRQHandler
                0x00000000080009d4                ADC3_IRQHandler
                0x00000000080009d4                TIM4_IRQHandler
                0x00000000080009d4                DMA2_Channel1_IRQHandler
                0x00000000080009d4                QUADSPI_IRQHandler
                0x00000000080009d4                I2C1_EV_IRQHandler
                0x00000000080009d4                UART4_IRQHandler
                0x00000000080009d4                DMA2_Channel4_IRQHandler
                0x00000000080009d4                TIM3_IRQHandler
                0x00000000080009d4                RCC_IRQHandler
                0x00000000080009d4                DMA1_Channel1_IRQHandler
                0x00000000080009d4                Default_Handler
                0x00000000080009d4                DMA2_Channel7_IRQHandler
                0x00000000080009d4                EXTI15_10_IRQHandler
                0x00000000080009d4                TIM7_IRQHandler
                0x00000000080009d4                SDMMC1_IRQHandler
                0x00000000080009d4                TIM5_IRQHandler
                0x00000000080009d4                I2C3_EV_IRQHandler
                0x00000000080009d4                EXTI9_5_IRQHandler
                0x00000000080009d4                RTC_WKUP_IRQHandler
                0x00000000080009d4                PVD_PVM_IRQHandler
                0x00000000080009d4                SPI2_IRQHandler
                0x00000000080009d4                CAN1_TX_IRQHandler
                0x00000000080009d4                DMA2_Channel5_IRQHandler
                0x00000000080009d4                DMA1_Channel5_IRQHandler
                0x00000000080009d4                EXTI4_IRQHandler
                0x00000000080009d4                RNG_IRQHandler
                0x00000000080009d4                TIM1_TRG_COM_TIM17_IRQHandler
                0x00000000080009d4                DMA1_Channel3_IRQHandler
                0x00000000080009d4                COMP_IRQHandler
                0x00000000080009d4                WWDG_IRQHandler
                0x00000000080009d4                LPUART1_IRQHandler
                0x00000000080009d4                DMA2_Channel6_IRQHandler
                0x00000000080009d4                TIM2_IRQHandler
                0x00000000080009d4                EXTI1_IRQHandler
                0x00000000080009d4                DFSDM1_FLT0_IRQHandler
                0x00000000080009d4                I2C2_ER_IRQHandler
                0x00000000080009d4                DMA1_Channel2_IRQHandler
                0x00000000080009d4                TIM8_BRK_IRQHandler
                0x00000000080009d4                CAN1_SCE_IRQHandler
                0x00000000080009d4                FLASH_IRQHandler
                0x00000000080009d4                USART1_IRQHandler
                0x00000000080009d4                OTG_FS_IRQHandler
                0x00000000080009d4                SPI3_IRQHandler
                0x00000000080009d4                I2C1_ER_IRQHandler
                0x00000000080009d4                FMC_IRQHandler
                0x00000000080009d4                SWPMI1_IRQHandler
                0x00000000080009d4                LPTIM1_IRQHandler
                0x00000000080009d4                SAI1_IRQHandler
                0x00000000080009d4                DMA2_Channel3_IRQHandler
                0x00000000080009d4                TIM1_BRK_TIM15_IRQHandler
 *fill*         0x00000000080009d6        0x2 
 .text.HAL_Init
                0x00000000080009d8       0x40 Drivers/STM32L4xx_HAL_Driver/Src/stm32l4xx_hal.o
                0x00000000080009d8                HAL_Init
 .text.HAL_InitTick
                0x0000000008000a18       0x78 Drivers/STM32L4xx_HAL_Driver/Src/stm32l4xx_hal.o
                0x0000000008000a18                HAL_InitTick
 .text.HAL_IncTick
                0x0000000008000a90       0x28 Drivers/STM32L4xx_HAL_Driver/Src/stm32l4xx_hal.o
                0x0000000008000a90                HAL_IncTick
 .text.HAL_GetTick
                0x0000000008000ab8       0x18 Drivers/STM32L4xx_HAL_Driver/Src/stm32l4xx_hal.o
                0x0000000008000ab8                HAL_GetTick
 .text.HAL_Delay
                0x0000000008000ad0       0x48 Drivers/STM32L4xx_HAL_Driver/Src/stm32l4xx_hal.o
                0x0000000008000ad0                HAL_Delay
 .text.__NVIC_SetPriorityGrouping
                0x0000000008000b18       0x48 Drivers/STM32L4xx_HAL_Driver/Src/stm32l4xx_hal_cortex.o
 .text.__NVIC_GetPriorityGrouping
                0x0000000008000b60       0x1c Drivers/STM32L4xx_HAL_Driver/Src/stm32l4xx_hal_cortex.o
 .text.__NVIC_EnableIRQ
                0x0000000008000b7c       0x3c Drivers/STM32L4xx_HAL_Driver/Src/stm32l4xx_hal_cortex.o
 .text.__NVIC_SetPriority
                0x0000000008000bb8       0x54 Drivers/STM32L4xx_HAL_Driver/Src/stm32l4xx_hal_cortex.o
 .text.NVIC_EncodePriority
                0x0000000008000c0c       0x66 Drivers/STM32L4xx_HAL_Driver/Src/stm32l4xx_hal_cortex.o
 *fill*         0x0000000008000c72        0x2 
 .text.SysTick_Config
                0x0000000008000c74       0x44 Drivers/STM32L4xx_HAL_Driver/Src/stm32l4xx_hal_cortex.o
 .text.HAL_NVIC_SetPriorityGrouping
                0x0000000008000cb8       0x16 Drivers/STM32L4xx_HAL_Driver/Src/stm32l4xx_hal_cortex.o
                0x0000000008000cb8                HAL_NVIC_SetPriorityGrouping
 .text.HAL_NVIC_SetPriority
                0x0000000008000cce       0x38 Drivers/STM32L4xx_HAL_Driver/Src/stm32l4xx_hal_cortex.o
                0x0000000008000cce                HAL_NVIC_SetPriority
 .text.HAL_NVIC_EnableIRQ
                0x0000000008000d06       0x1c Drivers/STM32L4xx_HAL_Driver/Src/stm32l4xx_hal_cortex.o
                0x0000000008000d06                HAL_NVIC_EnableIRQ
 .text.HAL_SYSTICK_Config
                0x0000000008000d22       0x18 Drivers/STM32L4xx_HAL_Driver/Src/stm32l4xx_hal_cortex.o
                0x0000000008000d22                HAL_SYSTICK_Config
 *fill*         0x0000000008000d3a        0x2 
 .text.HAL_DMA_Init
                0x0000000008000d3c      0x170 Drivers/STM32L4xx_HAL_Driver/Src/stm32l4xx_hal_dma.o
                0x0000000008000d3c                HAL_DMA_Init
 .text.HAL_DMA_Start_IT
                0x0000000008000eac       0xc0 Drivers/STM32L4xx_HAL_Driver/Src/stm32l4xx_hal_dma.o
                0x0000000008000eac                HAL_DMA_Start_IT
 .text.HAL_DMA_Abort
                0x0000000008000f6c       0x7c Drivers/STM32L4xx_HAL_Driver/Src/stm32l4xx_hal_dma.o
                0x0000000008000f6c                HAL_DMA_Abort
 .text.HAL_DMA_Abort_IT
                0x0000000008000fe8       0x82 Drivers/STM32L4xx_HAL_Driver/Src/stm32l4xx_hal_dma.o
                0x0000000008000fe8                HAL_DMA_Abort_IT
 .text.HAL_DMA_IRQHandler
                0x000000000800106a      0x15e Drivers/STM32L4xx_HAL_Driver/Src/stm32l4xx_hal_dma.o
                0x000000000800106a                HAL_DMA_IRQHandler
 .text.DMA_SetConfig
                0x00000000080011c8       0x60 Drivers/STM32L4xx_HAL_Driver/Src/stm32l4xx_hal_dma.o
 .text.HAL_GPIO_Init
                0x0000000008001228      0x354 Drivers/STM32L4xx_HAL_Driver/Src/stm32l4xx_hal_gpio.o
                0x0000000008001228                HAL_GPIO_Init
 .text.HAL_GPIO_ReadPin
                0x000000000800157c       0x30 Drivers/STM32L4xx_HAL_Driver/Src/stm32l4xx_hal_gpio.o
                0x000000000800157c                HAL_GPIO_ReadPin
 .text.HAL_GPIO_WritePin
                0x00000000080015ac       0x30 Drivers/STM32L4xx_HAL_Driver/Src/stm32l4xx_hal_gpio.o
                0x00000000080015ac                HAL_GPIO_WritePin
 .text.HAL_GPIO_TogglePin
                0x00000000080015dc       0x34 Drivers/STM32L4xx_HAL_Driver/Src/stm32l4xx_hal_gpio.o
                0x00000000080015dc                HAL_GPIO_TogglePin
 .text.HAL_PWREx_GetVoltageRange
                0x0000000008001610       0x1c Drivers/STM32L4xx_HAL_Driver/Src/stm32l4xx_hal_pwr_ex.o
                0x0000000008001610                HAL_PWREx_GetVoltageRange
 .text.HAL_PWREx_ControlVoltageScaling
                0x000000000800162c       0xac Drivers/STM32L4xx_HAL_Driver/Src/stm32l4xx_hal_pwr_ex.o
                0x000000000800162c                HAL_PWREx_ControlVoltageScaling
 .text.HAL_RCC_OscConfig
                0x00000000080016d8      0x7cc Drivers/STM32L4xx_HAL_Driver/Src/stm32l4xx_hal_rcc.o
                0x00000000080016d8                HAL_RCC_OscConfig
 .text.HAL_RCC_ClockConfig
                0x0000000008001ea4      0x1c4 Drivers/STM32L4xx_HAL_Driver/Src/stm32l4xx_hal_rcc.o
                0x0000000008001ea4                HAL_RCC_ClockConfig
 .text.HAL_RCC_GetSysClockFreq
                0x0000000008002068      0x118 Drivers/STM32L4xx_HAL_Driver/Src/stm32l4xx_hal_rcc.o
                0x0000000008002068                HAL_RCC_GetSysClockFreq
 .text.HAL_RCC_GetHCLKFreq
                0x0000000008002180       0x18 Drivers/STM32L4xx_HAL_Driver/Src/stm32l4xx_hal_rcc.o
                0x0000000008002180                HAL_RCC_GetHCLKFreq
 .text.HAL_RCC_GetPCLK1Freq
                0x0000000008002198       0x2c Drivers/STM32L4xx_HAL_Driver/Src/stm32l4xx_hal_rcc.o
                0x0000000008002198                HAL_RCC_GetPCLK1Freq
 .text.HAL_RCC_GetPCLK2Freq
                0x00000000080021c4       0x2c Drivers/STM32L4xx_HAL_Driver/Src/stm32l4xx_hal_rcc.o
                0x00000000080021c4                HAL_RCC_GetPCLK2Freq
 .text.RCC_SetFlashLatencyFromMSIRange
                0x00000000080021f0       0xc0 Drivers/STM32L4xx_HAL_Driver/Src/stm32l4xx_hal_rcc.o
 .text.HAL_RCCEx_PeriphCLKConfig
                0x00000000080022b0      0x5d4 Drivers/STM32L4xx_HAL_Driver/Src/stm32l4xx_hal_rcc_ex.o
                0x00000000080022b0                HAL_RCCEx_PeriphCLKConfig
 .text.RCCEx_PLLSAI1_Config
                0x0000000008002884      0x1e8 Drivers/STM32L4xx_HAL_Driver/Src/stm32l4xx_hal_rcc_ex.o
 .text.RCCEx_PLLSAI2_Config
                0x0000000008002a6c      0x1bc Drivers/STM32L4xx_HAL_Driver/Src/stm32l4xx_hal_rcc_ex.o
 .text.HAL_UART_Init
                0x0000000008002c28       0x9c Drivers/STM32L4xx_HAL_Driver/Src/stm32l4xx_hal_uart.o
                0x0000000008002c28                HAL_UART_Init
 .text.HAL_UART_Transmit
                0x0000000008002cc4      0x128 Drivers/STM32L4xx_HAL_Driver/Src/stm32l4xx_hal_uart.o
                0x0000000008002cc4                HAL_UART_Transmit
 .text.HAL_UART_Transmit_IT
                0x0000000008002dec       0xb8 Drivers/STM32L4xx_HAL_Driver/Src/stm32l4xx_hal_uart.o
                0x0000000008002dec                HAL_UART_Transmit_IT
 .text.HAL_UART_Receive_IT
                0x0000000008002ea4       0x88 Drivers/STM32L4xx_HAL_Driver/Src/stm32l4xx_hal_uart.o
                0x0000000008002ea4                HAL_UART_Receive_IT
 .text.HAL_UART_Receive_DMA
                0x0000000008002f2c       0x88 Drivers/STM32L4xx_HAL_Driver/Src/stm32l4xx_hal_uart.o
                0x0000000008002f2c                HAL_UART_Receive_DMA
 .text.HAL_UART_IRQHandler
                0x0000000008002fb4      0x404 Drivers/STM32L4xx_HAL_Driver/Src/stm32l4xx_hal_uart.o
                0x0000000008002fb4                HAL_UART_IRQHandler
 .text.HAL_UART_TxCpltCallback
                0x00000000080033b8       0x14 Drivers/STM32L4xx_HAL_Driver/Src/stm32l4xx_hal_uart.o
                0x00000000080033b8                HAL_UART_TxCpltCallback
 .text.HAL_UART_RxHalfCpltCallback
                0x00000000080033cc       0x14 Drivers/STM32L4xx_HAL_Driver/Src/stm32l4xx_hal_uart.o
                0x00000000080033cc                HAL_UART_RxHalfCpltCallback
 .text.HAL_UART_ErrorCallback
                0x00000000080033e0       0x14 Drivers/STM32L4xx_HAL_Driver/Src/stm32l4xx_hal_uart.o
                0x00000000080033e0                HAL_UART_ErrorCallback
 .text.HAL_UARTEx_RxEventCallback
                0x00000000080033f4       0x18 Drivers/STM32L4xx_HAL_Driver/Src/stm32l4xx_hal_uart.o
                0x00000000080033f4                HAL_UARTEx_RxEventCallback
 .text.UART_SetConfig
                0x000000000800340c      0x514 Drivers/STM32L4xx_HAL_Driver/Src/stm32l4xx_hal_uart.o
                0x000000000800340c                UART_SetConfig
 .text.UART_AdvFeatureConfig
                0x0000000008003920      0x144 Drivers/STM32L4xx_HAL_Driver/Src/stm32l4xx_hal_uart.o
                0x0000000008003920                UART_AdvFeatureConfig
 .text.UART_CheckIdleState
                0x0000000008003a64       0x92 Drivers/STM32L4xx_HAL_Driver/Src/stm32l4xx_hal_uart.o
                0x0000000008003a64                UART_CheckIdleState
 .text.UART_WaitOnFlagUntilTimeout
                0x0000000008003af6       0xf8 Drivers/STM32L4xx_HAL_Driver/Src/stm32l4xx_hal_uart.o
                0x0000000008003af6                UART_WaitOnFlagUntilTimeout
 *fill*         0x0000000008003bee        0x2 
 .text.UART_Start_Receive_IT
                0x0000000008003bf0      0x110 Drivers/STM32L4xx_HAL_Driver/Src/stm32l4xx_hal_uart.o
                0x0000000008003bf0                UART_Start_Receive_IT
 .text.UART_Start_Receive_DMA
                0x0000000008003d00       0xd8 Drivers/STM32L4xx_HAL_Driver/Src/stm32l4xx_hal_uart.o
                0x0000000008003d00                UART_Start_Receive_DMA
 .text.UART_EndTxTransfer
                0x0000000008003dd8       0x2a Drivers/STM32L4xx_HAL_Driver/Src/stm32l4xx_hal_uart.o
 .text.UART_EndRxTransfer
                0x0000000008003e02       0x5e Drivers/STM32L4xx_HAL_Driver/Src/stm32l4xx_hal_uart.o
 .text.UART_DMAReceiveCplt
                0x0000000008003e60       0x98 Drivers/STM32L4xx_HAL_Driver/Src/stm32l4xx_hal_uart.o
 .text.UART_DMARxHalfCplt
                0x0000000008003ef8       0x38 Drivers/STM32L4xx_HAL_Driver/Src/stm32l4xx_hal_uart.o
 .text.UART_DMAError
                0x0000000008003f30       0x7c Drivers/STM32L4xx_HAL_Driver/Src/stm32l4xx_hal_uart.o
 .text.UART_DMAAbortOnError
                0x0000000008003fac       0x2c Drivers/STM32L4xx_HAL_Driver/Src/stm32l4xx_hal_uart.o
 .text.UART_TxISR_8BIT
                0x0000000008003fd8       0x74 Drivers/STM32L4xx_HAL_Driver/Src/stm32l4xx_hal_uart.o
 .text.UART_TxISR_16BIT
                0x000000000800404c       0x7c Drivers/STM32L4xx_HAL_Driver/Src/stm32l4xx_hal_uart.o
 .text.UART_EndTransmit_IT
                0x00000000080040c8       0x32 Drivers/STM32L4xx_HAL_Driver/Src/stm32l4xx_hal_uart.o
 .text.UART_RxISR_8BIT
                0x00000000080040fa       0xd8 Drivers/STM32L4xx_HAL_Driver/Src/stm32l4xx_hal_uart.o
 .text.UART_RxISR_16BIT
                0x00000000080041d2       0xd8 Drivers/STM32L4xx_HAL_Driver/Src/stm32l4xx_hal_uart.o
 .text.HAL_UARTEx_WakeupCallback
                0x00000000080042aa       0x14 Drivers/STM32L4xx_HAL_Driver/Src/stm32l4xx_hal_uart_ex.o
                0x00000000080042aa                HAL_UARTEx_WakeupCallback
 .text.test     0x00000000080042be        0x4 C:/Users/R/STM32CubeIDE/workspace_1.6.1/nucleol476rg/libhellowrold.a(hellowrold-d68fd516baac8601.hellowrold.cgdufkul-cgu.0.rcgu.o)
                0x00000000080042be                test
 .text.memset   0x00000000080042c2       0x56 C:/Users/R/STM32CubeIDE/workspace_1.6.1/nucleol476rg/libhellowrold.a(compiler_builtins-09c3e5620e7b76e8.compiler_builtins.41a4mbyr-cgu.119.rcgu.o)
                0x00000000080042c2                memset
 .text.__aeabi_uldivmod
                0x0000000008004318       0x16 C:/Users/R/STM32CubeIDE/workspace_1.6.1/nucleol476rg/libhellowrold.a(compiler_builtins-09c3e5620e7b76e8.compiler_builtins.41a4mbyr-cgu.92.rcgu.o)
                0x0000000008004318                __aeabi_uldivmod
 .text._ZN17compiler_builtins3int19specialized_div_rem11u64_div_rem17h8e9599c93de04397E
                0x000000000800432e      0x3a0 C:/Users/R/STM32CubeIDE/workspace_1.6.1/nucleol476rg/libhellowrold.a(compiler_builtins-09c3e5620e7b76e8.compiler_builtins.41a4mbyr-cgu.44.rcgu.o)
                0x000000000800432e                compiler_builtins::int::specialized_div_rem::u64_div_rem
 .text.__udivmoddi4
                0x00000000080046ce       0x18 C:/Users/R/STM32CubeIDE/workspace_1.6.1/nucleol476rg/libhellowrold.a(compiler_builtins-09c3e5620e7b76e8.compiler_builtins.41a4mbyr-cgu.85.rcgu.o)
                0x00000000080046ce                __udivmoddi4
 *fill*         0x00000000080046e6        0x2 
 .text.__errno  0x00000000080046e8        0xc c:/st/stm32cubeide_1.6.1/stm32cubeide/plugins/com.st.stm32cube.ide.mcu.externaltools.gnu-tools-for-stm32.9-2020-q2-update.win32_1.5.0.202011040924/tools/bin/../lib/gcc/arm-none-eabi/9.3.1/../../../../arm-none-eabi/lib/thumb/v7e-m+fp/hard\libc_nano.a(lib_a-errno.o)
                0x00000000080046e8                __errno
 .text.__sflush_r
                0x00000000080046f4      0x10c c:/st/stm32cubeide_1.6.1/stm32cubeide/plugins/com.st.stm32cube.ide.mcu.externaltools.gnu-tools-for-stm32.9-2020-q2-update.win32_1.5.0.202011040924/tools/bin/../lib/gcc/arm-none-eabi/9.3.1/../../../../arm-none-eabi/lib/thumb/v7e-m+fp/hard\libc_nano.a(lib_a-fflush.o)
                0x00000000080046f4                __sflush_r
 .text._fflush_r
                0x0000000008004800       0x78 c:/st/stm32cubeide_1.6.1/stm32cubeide/plugins/com.st.stm32cube.ide.mcu.externaltools.gnu-tools-for-stm32.9-2020-q2-update.win32_1.5.0.202011040924/tools/bin/../lib/gcc/arm-none-eabi/9.3.1/../../../../arm-none-eabi/lib/thumb/v7e-m+fp/hard\libc_nano.a(lib_a-fflush.o)
                0x0000000008004800                _fflush_r
 .text.fflush   0x0000000008004878       0x24 c:/st/stm32cubeide_1.6.1/stm32cubeide/plugins/com.st.stm32cube.ide.mcu.externaltools.gnu-tools-for-stm32.9-2020-q2-update.win32_1.5.0.202011040924/tools/bin/../lib/gcc/arm-none-eabi/9.3.1/../../../../arm-none-eabi/lib/thumb/v7e-m+fp/hard\libc_nano.a(lib_a-fflush.o)
                0x0000000008004878                fflush
 .text.std      0x000000000800489c       0x48 c:/st/stm32cubeide_1.6.1/stm32cubeide/plugins/com.st.stm32cube.ide.mcu.externaltools.gnu-tools-for-stm32.9-2020-q2-update.win32_1.5.0.202011040924/tools/bin/../lib/gcc/arm-none-eabi/9.3.1/../../../../arm-none-eabi/lib/thumb/v7e-m+fp/hard\libc_nano.a(lib_a-findfp.o)
 .text._cleanup_r
                0x00000000080048e4        0xc c:/st/stm32cubeide_1.6.1/stm32cubeide/plugins/com.st.stm32cube.ide.mcu.externaltools.gnu-tools-for-stm32.9-2020-q2-update.win32_1.5.0.202011040924/tools/bin/../lib/gcc/arm-none-eabi/9.3.1/../../../../arm-none-eabi/lib/thumb/v7e-m+fp/hard\libc_nano.a(lib_a-findfp.o)
                0x00000000080048e4                _cleanup_r
 .text.__sfmoreglue
                0x00000000080048f0       0x2c c:/st/stm32cubeide_1.6.1/stm32cubeide/plugins/com.st.stm32cube.ide.mcu.externaltools.gnu-tools-for-stm32.9-2020-q2-update.win32_1.5.0.202011040924/tools/bin/../lib/gcc/arm-none-eabi/9.3.1/../../../../arm-none-eabi/lib/thumb/v7e-m+fp/hard\libc_nano.a(lib_a-findfp.o)
                0x00000000080048f0                __sfmoreglue
 .text.__sfp_lock_acquire
                0x000000000800491c        0xc c:/st/stm32cubeide_1.6.1/stm32cubeide/plugins/com.st.stm32cube.ide.mcu.externaltools.gnu-tools-for-stm32.9-2020-q2-update.win32_1.5.0.202011040924/tools/bin/../lib/gcc/arm-none-eabi/9.3.1/../../../../arm-none-eabi/lib/thumb/v7e-m+fp/hard\libc_nano.a(lib_a-findfp.o)
                0x000000000800491c                __sfp_lock_acquire
 .text.__sfp_lock_release
                0x0000000008004928        0xc c:/st/stm32cubeide_1.6.1/stm32cubeide/plugins/com.st.stm32cube.ide.mcu.externaltools.gnu-tools-for-stm32.9-2020-q2-update.win32_1.5.0.202011040924/tools/bin/../lib/gcc/arm-none-eabi/9.3.1/../../../../arm-none-eabi/lib/thumb/v7e-m+fp/hard\libc_nano.a(lib_a-findfp.o)
                0x0000000008004928                __sfp_lock_release
 .text.__sinit_lock_acquire
                0x0000000008004934        0xc c:/st/stm32cubeide_1.6.1/stm32cubeide/plugins/com.st.stm32cube.ide.mcu.externaltools.gnu-tools-for-stm32.9-2020-q2-update.win32_1.5.0.202011040924/tools/bin/../lib/gcc/arm-none-eabi/9.3.1/../../../../arm-none-eabi/lib/thumb/v7e-m+fp/hard\libc_nano.a(lib_a-findfp.o)
                0x0000000008004934                __sinit_lock_acquire
 .text.__sinit_lock_release
                0x0000000008004940        0xc c:/st/stm32cubeide_1.6.1/stm32cubeide/plugins/com.st.stm32cube.ide.mcu.externaltools.gnu-tools-for-stm32.9-2020-q2-update.win32_1.5.0.202011040924/tools/bin/../lib/gcc/arm-none-eabi/9.3.1/../../../../arm-none-eabi/lib/thumb/v7e-m+fp/hard\libc_nano.a(lib_a-findfp.o)
                0x0000000008004940                __sinit_lock_release
 .text.__sinit  0x000000000800494c       0x70 c:/st/stm32cubeide_1.6.1/stm32cubeide/plugins/com.st.stm32cube.ide.mcu.externaltools.gnu-tools-for-stm32.9-2020-q2-update.win32_1.5.0.202011040924/tools/bin/../lib/gcc/arm-none-eabi/9.3.1/../../../../arm-none-eabi/lib/thumb/v7e-m+fp/hard\libc_nano.a(lib_a-findfp.o)
                0x000000000800494c                __sinit
 .text.__sfp    0x00000000080049bc       0x8c c:/st/stm32cubeide_1.6.1/stm32cubeide/plugins/com.st.stm32cube.ide.mcu.externaltools.gnu-tools-for-stm32.9-2020-q2-update.win32_1.5.0.202011040924/tools/bin/../lib/gcc/arm-none-eabi/9.3.1/../../../../arm-none-eabi/lib/thumb/v7e-m+fp/hard\libc_nano.a(lib_a-findfp.o)
                0x00000000080049bc                __sfp
 .text._fwalk_reent
                0x0000000008004a48       0x3e c:/st/stm32cubeide_1.6.1/stm32cubeide/plugins/com.st.stm32cube.ide.mcu.externaltools.gnu-tools-for-stm32.9-2020-q2-update.win32_1.5.0.202011040924/tools/bin/../lib/gcc/arm-none-eabi/9.3.1/../../../../arm-none-eabi/lib/thumb/v7e-m+fp/hard\libc_nano.a(lib_a-fwalk.o)
                0x0000000008004a48                _fwalk_reent
 *fill*         0x0000000008004a86        0x2 
 .text.__libc_init_array
                0x0000000008004a88       0x48 c:/st/stm32cubeide_1.6.1/stm32cubeide/plugins/com.st.stm32cube.ide.mcu.externaltools.gnu-tools-for-stm32.9-2020-q2-update.win32_1.5.0.202011040924/tools/bin/../lib/gcc/arm-none-eabi/9.3.1/../../../../arm-none-eabi/lib/thumb/v7e-m+fp/hard\libc_nano.a(lib_a-init.o)
                0x0000000008004a88                __libc_init_array
 .text.__retarget_lock_init_recursive
                0x0000000008004ad0        0x2 c:/st/stm32cubeide_1.6.1/stm32cubeide/plugins/com.st.stm32cube.ide.mcu.externaltools.gnu-tools-for-stm32.9-2020-q2-update.win32_1.5.0.202011040924/tools/bin/../lib/gcc/arm-none-eabi/9.3.1/../../../../arm-none-eabi/lib/thumb/v7e-m+fp/hard\libc_nano.a(lib_a-lock.o)
                0x0000000008004ad0                __retarget_lock_init_recursive
 .text.__retarget_lock_acquire_recursive
                0x0000000008004ad2        0x2 c:/st/stm32cubeide_1.6.1/stm32cubeide/plugins/com.st.stm32cube.ide.mcu.externaltools.gnu-tools-for-stm32.9-2020-q2-update.win32_1.5.0.202011040924/tools/bin/../lib/gcc/arm-none-eabi/9.3.1/../../../../arm-none-eabi/lib/thumb/v7e-m+fp/hard\libc_nano.a(lib_a-lock.o)
                0x0000000008004ad2                __retarget_lock_acquire_recursive
 .text.__retarget_lock_release_recursive
                0x0000000008004ad4        0x2 c:/st/stm32cubeide_1.6.1/stm32cubeide/plugins/com.st.stm32cube.ide.mcu.externaltools.gnu-tools-for-stm32.9-2020-q2-update.win32_1.5.0.202011040924/tools/bin/../lib/gcc/arm-none-eabi/9.3.1/../../../../arm-none-eabi/lib/thumb/v7e-m+fp/hard\libc_nano.a(lib_a-lock.o)
                0x0000000008004ad4                __retarget_lock_release_recursive
 *fill*         0x0000000008004ad6        0x2 
 .text._free_r  0x0000000008004ad8       0xa0 c:/st/stm32cubeide_1.6.1/stm32cubeide/plugins/com.st.stm32cube.ide.mcu.externaltools.gnu-tools-for-stm32.9-2020-q2-update.win32_1.5.0.202011040924/tools/bin/../lib/gcc/arm-none-eabi/9.3.1/../../../../arm-none-eabi/lib/thumb/v7e-m+fp/hard\libc_nano.a(lib_a-nano-freer.o)
                0x0000000008004ad8                _free_r
 .text._malloc_r
                0x0000000008004b78       0xb4 c:/st/stm32cubeide_1.6.1/stm32cubeide/plugins/com.st.stm32cube.ide.mcu.externaltools.gnu-tools-for-stm32.9-2020-q2-update.win32_1.5.0.202011040924/tools/bin/../lib/gcc/arm-none-eabi/9.3.1/../../../../arm-none-eabi/lib/thumb/v7e-m+fp/hard\libc_nano.a(lib_a-nano-mallocr.o)
                0x0000000008004b78                _malloc_r
 .text.printf   0x0000000008004c2c       0x30 c:/st/stm32cubeide_1.6.1/stm32cubeide/plugins/com.st.stm32cube.ide.mcu.externaltools.gnu-tools-for-stm32.9-2020-q2-update.win32_1.5.0.202011040924/tools/bin/../lib/gcc/arm-none-eabi/9.3.1/../../../../arm-none-eabi/lib/thumb/v7e-m+fp/hard\libc_nano.a(lib_a-printf.o)
                0x0000000008004c2c                iprintf
                0x0000000008004c2c                printf
 .text._puts_r  0x0000000008004c5c       0xdc c:/st/stm32cubeide_1.6.1/stm32cubeide/plugins/com.st.stm32cube.ide.mcu.externaltools.gnu-tools-for-stm32.9-2020-q2-update.win32_1.5.0.202011040924/tools/bin/../lib/gcc/arm-none-eabi/9.3.1/../../../../arm-none-eabi/lib/thumb/v7e-m+fp/hard\libc_nano.a(lib_a-puts.o)
                0x0000000008004c5c                _puts_r
 .text.puts     0x0000000008004d38       0x10 c:/st/stm32cubeide_1.6.1/stm32cubeide/plugins/com.st.stm32cube.ide.mcu.externaltools.gnu-tools-for-stm32.9-2020-q2-update.win32_1.5.0.202011040924/tools/bin/../lib/gcc/arm-none-eabi/9.3.1/../../../../arm-none-eabi/lib/thumb/v7e-m+fp/hard\libc_nano.a(lib_a-puts.o)
                0x0000000008004d38                puts
 .text._sbrk_r  0x0000000008004d48       0x20 c:/st/stm32cubeide_1.6.1/stm32cubeide/plugins/com.st.stm32cube.ide.mcu.externaltools.gnu-tools-for-stm32.9-2020-q2-update.win32_1.5.0.202011040924/tools/bin/../lib/gcc/arm-none-eabi/9.3.1/../../../../arm-none-eabi/lib/thumb/v7e-m+fp/hard\libc_nano.a(lib_a-sbrkr.o)
                0x0000000008004d48                _sbrk_r
 .text.__sread  0x0000000008004d68       0x22 c:/st/stm32cubeide_1.6.1/stm32cubeide/plugins/com.st.stm32cube.ide.mcu.externaltools.gnu-tools-for-stm32.9-2020-q2-update.win32_1.5.0.202011040924/tools/bin/../lib/gcc/arm-none-eabi/9.3.1/../../../../arm-none-eabi/lib/thumb/v7e-m+fp/hard\libc_nano.a(lib_a-stdio.o)
                0x0000000008004d68                __sread
 .text.__swrite
                0x0000000008004d8a       0x38 c:/st/stm32cubeide_1.6.1/stm32cubeide/plugins/com.st.stm32cube.ide.mcu.externaltools.gnu-tools-for-stm32.9-2020-q2-update.win32_1.5.0.202011040924/tools/bin/../lib/gcc/arm-none-eabi/9.3.1/../../../../arm-none-eabi/lib/thumb/v7e-m+fp/hard\libc_nano.a(lib_a-stdio.o)
                0x0000000008004d8a                __swrite
 .text.__sseek  0x0000000008004dc2       0x24 c:/st/stm32cubeide_1.6.1/stm32cubeide/plugins/com.st.stm32cube.ide.mcu.externaltools.gnu-tools-for-stm32.9-2020-q2-update.win32_1.5.0.202011040924/tools/bin/../lib/gcc/arm-none-eabi/9.3.1/../../../../arm-none-eabi/lib/thumb/v7e-m+fp/hard\libc_nano.a(lib_a-stdio.o)
                0x0000000008004dc2                __sseek
 .text.__sclose
                0x0000000008004de6        0x8 c:/st/stm32cubeide_1.6.1/stm32cubeide/plugins/com.st.stm32cube.ide.mcu.externaltools.gnu-tools-for-stm32.9-2020-q2-update.win32_1.5.0.202011040924/tools/bin/../lib/gcc/arm-none-eabi/9.3.1/../../../../arm-none-eabi/lib/thumb/v7e-m+fp/hard\libc_nano.a(lib_a-stdio.o)
                0x0000000008004de6                __sclose
 *fill*         0x0000000008004dee        0x2 
 .text.__swbuf_r
                0x0000000008004df0       0xa4 c:/st/stm32cubeide_1.6.1/stm32cubeide/plugins/com.st.stm32cube.ide.mcu.externaltools.gnu-tools-for-stm32.9-2020-q2-update.win32_1.5.0.202011040924/tools/bin/../lib/gcc/arm-none-eabi/9.3.1/../../../../arm-none-eabi/lib/thumb/v7e-m+fp/hard\libc_nano.a(lib_a-wbuf.o)
                0x0000000008004df0                __swbuf_r
 .text._write_r
                0x0000000008004e94       0x24 c:/st/stm32cubeide_1.6.1/stm32cubeide/plugins/com.st.stm32cube.ide.mcu.externaltools.gnu-tools-for-stm32.9-2020-q2-update.win32_1.5.0.202011040924/tools/bin/../lib/gcc/arm-none-eabi/9.3.1/../../../../arm-none-eabi/lib/thumb/v7e-m+fp/hard\libc_nano.a(lib_a-writer.o)
                0x0000000008004e94                _write_r
 .text.__swsetup_r
                0x0000000008004eb8       0xdc c:/st/stm32cubeide_1.6.1/stm32cubeide/plugins/com.st.stm32cube.ide.mcu.externaltools.gnu-tools-for-stm32.9-2020-q2-update.win32_1.5.0.202011040924/tools/bin/../lib/gcc/arm-none-eabi/9.3.1/../../../../arm-none-eabi/lib/thumb/v7e-m+fp/hard\libc_nano.a(lib_a-wsetup.o)
                0x0000000008004eb8                __swsetup_r
 .text._close_r
                0x0000000008004f94       0x20 c:/st/stm32cubeide_1.6.1/stm32cubeide/plugins/com.st.stm32cube.ide.mcu.externaltools.gnu-tools-for-stm32.9-2020-q2-update.win32_1.5.0.202011040924/tools/bin/../lib/gcc/arm-none-eabi/9.3.1/../../../../arm-none-eabi/lib/thumb/v7e-m+fp/hard\libc_nano.a(lib_a-closer.o)
                0x0000000008004f94                _close_r
 .text._lseek_r
                0x0000000008004fb4       0x24 c:/st/stm32cubeide_1.6.1/stm32cubeide/plugins/com.st.stm32cube.ide.mcu.externaltools.gnu-tools-for-stm32.9-2020-q2-update.win32_1.5.0.202011040924/tools/bin/../lib/gcc/arm-none-eabi/9.3.1/../../../../arm-none-eabi/lib/thumb/v7e-m+fp/hard\libc_nano.a(lib_a-lseekr.o)
                0x0000000008004fb4                _lseek_r
 .text.__swhatbuf_r
                0x0000000008004fd8       0x48 c:/st/stm32cubeide_1.6.1/stm32cubeide/plugins/com.st.stm32cube.ide.mcu.externaltools.gnu-tools-for-stm32.9-2020-q2-update.win32_1.5.0.202011040924/tools/bin/../lib/gcc/arm-none-eabi/9.3.1/../../../../arm-none-eabi/lib/thumb/v7e-m+fp/hard\libc_nano.a(lib_a-makebuf.o)
                0x0000000008004fd8                __swhatbuf_r
 .text.__smakebuf_r
                0x0000000008005020       0x80 c:/st/stm32cubeide_1.6.1/stm32cubeide/plugins/com.st.stm32cube.ide.mcu.externaltools.gnu-tools-for-stm32.9-2020-q2-update.win32_1.5.0.202011040924/tools/bin/../lib/gcc/arm-none-eabi/9.3.1/../../../../arm-none-eabi/lib/thumb/v7e-m+fp/hard\libc_nano.a(lib_a-makebuf.o)
                0x0000000008005020                __smakebuf_r
 .text.__malloc_lock
                0x00000000080050a0        0xc c:/st/stm32cubeide_1.6.1/stm32cubeide/plugins/com.st.stm32cube.ide.mcu.externaltools.gnu-tools-for-stm32.9-2020-q2-update.win32_1.5.0.202011040924/tools/bin/../lib/gcc/arm-none-eabi/9.3.1/../../../../arm-none-eabi/lib/thumb/v7e-m+fp/hard\libc_nano.a(lib_a-mlock.o)
                0x00000000080050a0                __malloc_lock
 .text.__malloc_unlock
                0x00000000080050ac        0xc c:/st/stm32cubeide_1.6.1/stm32cubeide/plugins/com.st.stm32cube.ide.mcu.externaltools.gnu-tools-for-stm32.9-2020-q2-update.win32_1.5.0.202011040924/tools/bin/../lib/gcc/arm-none-eabi/9.3.1/../../../../arm-none-eabi/lib/thumb/v7e-m+fp/hard\libc_nano.a(lib_a-mlock.o)
                0x00000000080050ac                __malloc_unlock
 .text.__sfputc_r
                0x00000000080050b8       0x2e c:/st/stm32cubeide_1.6.1/stm32cubeide/plugins/com.st.stm32cube.ide.mcu.externaltools.gnu-tools-for-stm32.9-2020-q2-update.win32_1.5.0.202011040924/tools/bin/../lib/gcc/arm-none-eabi/9.3.1/../../../../arm-none-eabi/lib/thumb/v7e-m+fp/hard\libc_nano.a(lib_a-nano-vfprintf.o)
 .text.__sfputs_r
                0x00000000080050e6       0x24 c:/st/stm32cubeide_1.6.1/stm32cubeide/plugins/com.st.stm32cube.ide.mcu.externaltools.gnu-tools-for-stm32.9-2020-q2-update.win32_1.5.0.202011040924/tools/bin/../lib/gcc/arm-none-eabi/9.3.1/../../../../arm-none-eabi/lib/thumb/v7e-m+fp/hard\libc_nano.a(lib_a-nano-vfprintf.o)
                0x00000000080050e6                __sfputs_r
 *fill*         0x000000000800510a        0x2 
 .text._vfprintf_r
                0x000000000800510c      0x260 c:/st/stm32cubeide_1.6.1/stm32cubeide/plugins/com.st.stm32cube.ide.mcu.externaltools.gnu-tools-for-stm32.9-2020-q2-update.win32_1.5.0.202011040924/tools/bin/../lib/gcc/arm-none-eabi/9.3.1/../../../../arm-none-eabi/lib/thumb/v7e-m+fp/hard\libc_nano.a(lib_a-nano-vfprintf.o)
                0x000000000800510c                _vfprintf_r
                0x000000000800510c                _vfiprintf_r
 .text._printf_common
                0x000000000800536c       0xda c:/st/stm32cubeide_1.6.1/stm32cubeide/plugins/com.st.stm32cube.ide.mcu.externaltools.gnu-tools-for-stm32.9-2020-q2-update.win32_1.5.0.202011040924/tools/bin/../lib/gcc/arm-none-eabi/9.3.1/../../../../arm-none-eabi/lib/thumb/v7e-m+fp/hard\libc_nano.a(lib_a-nano-vfprintf_i.o)
                0x000000000800536c                _printf_common
 *fill*         0x0000000008005446        0x2 
 .text._printf_i
                0x0000000008005448      0x24c c:/st/stm32cubeide_1.6.1/stm32cubeide/plugins/com.st.stm32cube.ide.mcu.externaltools.gnu-tools-for-stm32.9-2020-q2-update.win32_1.5.0.202011040924/tools/bin/../lib/gcc/arm-none-eabi/9.3.1/../../../../arm-none-eabi/lib/thumb/v7e-m+fp/hard\libc_nano.a(lib_a-nano-vfprintf_i.o)
                0x0000000008005448                _printf_i
 .text._read_r  0x0000000008005694       0x24 c:/st/stm32cubeide_1.6.1/stm32cubeide/plugins/com.st.stm32cube.ide.mcu.externaltools.gnu-tools-for-stm32.9-2020-q2-update.win32_1.5.0.202011040924/tools/bin/../lib/gcc/arm-none-eabi/9.3.1/../../../../arm-none-eabi/lib/thumb/v7e-m+fp/hard\libc_nano.a(lib_a-readr.o)
                0x0000000008005694                _read_r
 .text._fstat_r
                0x00000000080056b8       0x24 c:/st/stm32cubeide_1.6.1/stm32cubeide/plugins/com.st.stm32cube.ide.mcu.externaltools.gnu-tools-for-stm32.9-2020-q2-update.win32_1.5.0.202011040924/tools/bin/../lib/gcc/arm-none-eabi/9.3.1/../../../../arm-none-eabi/lib/thumb/v7e-m+fp/hard\libc_nano.a(lib_a-fstatr.o)
                0x00000000080056b8                _fstat_r
 .text._isatty_r
                0x00000000080056dc       0x20 c:/st/stm32cubeide_1.6.1/stm32cubeide/plugins/com.st.stm32cube.ide.mcu.externaltools.gnu-tools-for-stm32.9-2020-q2-update.win32_1.5.0.202011040924/tools/bin/../lib/gcc/arm-none-eabi/9.3.1/../../../../arm-none-eabi/lib/thumb/v7e-m+fp/hard\libc_nano.a(lib_a-isattyr.o)
                0x00000000080056dc                _isatty_r
 *(.glue_7)
 .glue_7        0x00000000080056fc        0x0 linker stubs
 *(.glue_7t)
 .glue_7t       0x00000000080056fc        0x0 linker stubs
 *(.eh_frame)
 .eh_frame      0x00000000080056fc        0x0 c:/st/stm32cubeide_1.6.1/stm32cubeide/plugins/com.st.stm32cube.ide.mcu.externaltools.gnu-tools-for-stm32.9-2020-q2-update.win32_1.5.0.202011040924/tools/bin/../lib/gcc/arm-none-eabi/9.3.1/thumb/v7e-m+fp/hard/crtbegin.o
 *(.init)
 .init          0x00000000080056fc        0x4 c:/st/stm32cubeide_1.6.1/stm32cubeide/plugins/com.st.stm32cube.ide.mcu.externaltools.gnu-tools-for-stm32.9-2020-q2-update.win32_1.5.0.202011040924/tools/bin/../lib/gcc/arm-none-eabi/9.3.1/thumb/v7e-m+fp/hard/crti.o
                0x00000000080056fc                _init
 .init          0x0000000008005700        0x8 c:/st/stm32cubeide_1.6.1/stm32cubeide/plugins/com.st.stm32cube.ide.mcu.externaltools.gnu-tools-for-stm32.9-2020-q2-update.win32_1.5.0.202011040924/tools/bin/../lib/gcc/arm-none-eabi/9.3.1/thumb/v7e-m+fp/hard/crtn.o
 *(.fini)
 .fini          0x0000000008005708        0x4 c:/st/stm32cubeide_1.6.1/stm32cubeide/plugins/com.st.stm32cube.ide.mcu.externaltools.gnu-tools-for-stm32.9-2020-q2-update.win32_1.5.0.202011040924/tools/bin/../lib/gcc/arm-none-eabi/9.3.1/thumb/v7e-m+fp/hard/crti.o
                0x0000000008005708                _fini
 .fini          0x000000000800570c        0x8 c:/st/stm32cubeide_1.6.1/stm32cubeide/plugins/com.st.stm32cube.ide.mcu.externaltools.gnu-tools-for-stm32.9-2020-q2-update.win32_1.5.0.202011040924/tools/bin/../lib/gcc/arm-none-eabi/9.3.1/thumb/v7e-m+fp/hard/crtn.o
                0x0000000008005714                . = ALIGN (0x4)
                0x0000000008005714                _etext = .

.vfp11_veneer   0x0000000008005714        0x0
 .vfp11_veneer  0x0000000008005714        0x0 linker stubs

.v4_bx          0x0000000008005714        0x0
 .v4_bx         0x0000000008005714        0x0 linker stubs

.iplt           0x0000000008005714        0x0
 .iplt          0x0000000008005714        0x0 c:/st/stm32cubeide_1.6.1/stm32cubeide/plugins/com.st.stm32cube.ide.mcu.externaltools.gnu-tools-for-stm32.9-2020-q2-update.win32_1.5.0.202011040924/tools/bin/../lib/gcc/arm-none-eabi/9.3.1/thumb/v7e-m+fp/hard/crtbegin.o

.rodata         0x0000000008005714      0x158
                0x0000000008005714                . = ALIGN (0x4)
 *(.rodata)
 .rodata        0x0000000008005714       0x75 Core/Src/main.o
 *(.rodata*)
 *fill*         0x0000000008005789        0x3 
 .rodata.AHBPrescTable
                0x000000000800578c       0x10 Core/Src/system_stm32l4xx.o
                0x000000000800578c                AHBPrescTable
 .rodata.APBPrescTable
                0x000000000800579c        0x8 Core/Src/system_stm32l4xx.o
                0x000000000800579c                APBPrescTable
 .rodata.MSIRangeTable
                0x00000000080057a4       0x30 Core/Src/system_stm32l4xx.o
                0x00000000080057a4                MSIRangeTable
 .rodata.__sf_fake_stderr
                0x00000000080057d4       0x20 c:/st/stm32cubeide_1.6.1/stm32cubeide/plugins/com.st.stm32cube.ide.mcu.externaltools.gnu-tools-for-stm32.9-2020-q2-update.win32_1.5.0.202011040924/tools/bin/../lib/gcc/arm-none-eabi/9.3.1/../../../../arm-none-eabi/lib/thumb/v7e-m+fp/hard\libc_nano.a(lib_a-findfp.o)
                0x00000000080057d4                __sf_fake_stderr
 .rodata.__sf_fake_stdin
                0x00000000080057f4       0x20 c:/st/stm32cubeide_1.6.1/stm32cubeide/plugins/com.st.stm32cube.ide.mcu.externaltools.gnu-tools-for-stm32.9-2020-q2-update.win32_1.5.0.202011040924/tools/bin/../lib/gcc/arm-none-eabi/9.3.1/../../../../arm-none-eabi/lib/thumb/v7e-m+fp/hard\libc_nano.a(lib_a-findfp.o)
                0x00000000080057f4                __sf_fake_stdin
 .rodata.__sf_fake_stdout
                0x0000000008005814       0x20 c:/st/stm32cubeide_1.6.1/stm32cubeide/plugins/com.st.stm32cube.ide.mcu.externaltools.gnu-tools-for-stm32.9-2020-q2-update.win32_1.5.0.202011040924/tools/bin/../lib/gcc/arm-none-eabi/9.3.1/../../../../arm-none-eabi/lib/thumb/v7e-m+fp/hard\libc_nano.a(lib_a-findfp.o)
                0x0000000008005814                __sf_fake_stdout
 .rodata._global_impure_ptr
                0x0000000008005834        0x4 c:/st/stm32cubeide_1.6.1/stm32cubeide/plugins/com.st.stm32cube.ide.mcu.externaltools.gnu-tools-for-stm32.9-2020-q2-update.win32_1.5.0.202011040924/tools/bin/../lib/gcc/arm-none-eabi/9.3.1/../../../../arm-none-eabi/lib/thumb/v7e-m+fp/hard\libc_nano.a(lib_a-impure.o)
                0x0000000008005834                _global_impure_ptr
 .rodata._vfprintf_r.str1.1
                0x0000000008005838       0x11 c:/st/stm32cubeide_1.6.1/stm32cubeide/plugins/com.st.stm32cube.ide.mcu.externaltools.gnu-tools-for-stm32.9-2020-q2-update.win32_1.5.0.202011040924/tools/bin/../lib/gcc/arm-none-eabi/9.3.1/../../../../arm-none-eabi/lib/thumb/v7e-m+fp/hard\libc_nano.a(lib_a-nano-vfprintf.o)
 .rodata._printf_i.str1.1
                0x0000000008005849       0x22 c:/st/stm32cubeide_1.6.1/stm32cubeide/plugins/com.st.stm32cube.ide.mcu.externaltools.gnu-tools-for-stm32.9-2020-q2-update.win32_1.5.0.202011040924/tools/bin/../lib/gcc/arm-none-eabi/9.3.1/../../../../arm-none-eabi/lib/thumb/v7e-m+fp/hard\libc_nano.a(lib_a-nano-vfprintf_i.o)
                0x000000000800586c                . = ALIGN (0x4)
 *fill*         0x000000000800586b        0x1 

.ARM.extab      0x000000000800586c        0x0
                0x000000000800586c                . = ALIGN (0x4)
 *(.ARM.extab* .gnu.linkonce.armextab.*)
                0x000000000800586c                . = ALIGN (0x4)

.ARM            0x000000000800586c        0x8
                0x000000000800586c                . = ALIGN (0x4)
                0x000000000800586c                __exidx_start = .
 *(.ARM.exidx*)
 .ARM.exidx.text.test
                0x000000000800586c        0x8 C:/Users/R/STM32CubeIDE/workspace_1.6.1/nucleol476rg/libhellowrold.a(hellowrold-d68fd516baac8601.hellowrold.cgdufkul-cgu.0.rcgu.o)
 .ARM.exidx.text.memset
                0x0000000008005874        0x0 C:/Users/R/STM32CubeIDE/workspace_1.6.1/nucleol476rg/libhellowrold.a(compiler_builtins-09c3e5620e7b76e8.compiler_builtins.41a4mbyr-cgu.119.rcgu.o)
                                          0x8 (size before relaxing)
 .ARM.exidx.text.__aeabi_uldivmod
                0x0000000008005874        0x0 C:/Users/R/STM32CubeIDE/workspace_1.6.1/nucleol476rg/libhellowrold.a(compiler_builtins-09c3e5620e7b76e8.compiler_builtins.41a4mbyr-cgu.92.rcgu.o)
                                          0x8 (size before relaxing)
 .ARM.exidx.text._ZN17compiler_builtins3int19specialized_div_rem11u64_div_rem17h8e9599c93de04397E
                0x0000000008005874        0x0 C:/Users/R/STM32CubeIDE/workspace_1.6.1/nucleol476rg/libhellowrold.a(compiler_builtins-09c3e5620e7b76e8.compiler_builtins.41a4mbyr-cgu.44.rcgu.o)
                                          0x8 (size before relaxing)
 .ARM.exidx.text.__udivmoddi4
                0x0000000008005874        0x0 C:/Users/R/STM32CubeIDE/workspace_1.6.1/nucleol476rg/libhellowrold.a(compiler_builtins-09c3e5620e7b76e8.compiler_builtins.41a4mbyr-cgu.85.rcgu.o)
                                          0x8 (size before relaxing)
                0x0000000008005874                __exidx_end = .
                0x0000000008005874                . = ALIGN (0x4)

.rel.dyn        0x0000000008005874        0x0
 .rel.iplt      0x0000000008005874        0x0 c:/st/stm32cubeide_1.6.1/stm32cubeide/plugins/com.st.stm32cube.ide.mcu.externaltools.gnu-tools-for-stm32.9-2020-q2-update.win32_1.5.0.202011040924/tools/bin/../lib/gcc/arm-none-eabi/9.3.1/thumb/v7e-m+fp/hard/crtbegin.o

.preinit_array  0x0000000008005874        0x0
                0x0000000008005874                . = ALIGN (0x4)
                0x0000000008005874                PROVIDE (__preinit_array_start = .)
 *(.preinit_array*)
                0x0000000008005874                PROVIDE (__preinit_array_end = .)
                0x0000000008005874                . = ALIGN (0x4)

.init_array     0x0000000008005874        0x4
                0x0000000008005874                . = ALIGN (0x4)
                0x0000000008005874                PROVIDE (__init_array_start = .)
 *(SORT_BY_NAME(.init_array.*))
 *(.init_array*)
 .init_array    0x0000000008005874        0x4 c:/st/stm32cubeide_1.6.1/stm32cubeide/plugins/com.st.stm32cube.ide.mcu.externaltools.gnu-tools-for-stm32.9-2020-q2-update.win32_1.5.0.202011040924/tools/bin/../lib/gcc/arm-none-eabi/9.3.1/thumb/v7e-m+fp/hard/crtbegin.o
                0x0000000008005878                PROVIDE (__init_array_end = .)
                0x0000000008005878                . = ALIGN (0x4)

.fini_array     0x0000000008005878        0x4
                0x0000000008005878                . = ALIGN (0x4)
                [!provide]                        PROVIDE (__fini_array_start = .)
 *(SORT_BY_NAME(.fini_array.*))
 *(.fini_array*)
 .fini_array    0x0000000008005878        0x4 c:/st/stm32cubeide_1.6.1/stm32cubeide/plugins/com.st.stm32cube.ide.mcu.externaltools.gnu-tools-for-stm32.9-2020-q2-update.win32_1.5.0.202011040924/tools/bin/../lib/gcc/arm-none-eabi/9.3.1/thumb/v7e-m+fp/hard/crtbegin.o
                [!provide]                        PROVIDE (__fini_array_end = .)
                0x000000000800587c                . = ALIGN (0x4)
                0x000000000800587c                _sidata = LOADADDR (.data)

.data           0x0000000020000000       0x70 load address 0x000000000800587c
                0x0000000020000000                . = ALIGN (0x4)
                0x0000000020000000                _sdata = .
 *(.data)
 *(.data*)
 .data.SystemCoreClock
                0x0000000020000000        0x4 Core/Src/system_stm32l4xx.o
                0x0000000020000000                SystemCoreClock
 .data.uwTickPrio
                0x0000000020000004        0x4 Drivers/STM32L4xx_HAL_Driver/Src/stm32l4xx_hal.o
                0x0000000020000004                uwTickPrio
 .data.uwTickFreq
                0x0000000020000008        0x1 Drivers/STM32L4xx_HAL_Driver/Src/stm32l4xx_hal.o
                0x0000000020000008                uwTickFreq
 *fill*         0x0000000020000009        0x3 
 .data._impure_ptr
                0x000000002000000c        0x4 c:/st/stm32cubeide_1.6.1/stm32cubeide/plugins/com.st.stm32cube.ide.mcu.externaltools.gnu-tools-for-stm32.9-2020-q2-update.win32_1.5.0.202011040924/tools/bin/../lib/gcc/arm-none-eabi/9.3.1/../../../../arm-none-eabi/lib/thumb/v7e-m+fp/hard\libc_nano.a(lib_a-impure.o)
                0x000000002000000c                _impure_ptr
 .data.impure_data
                0x0000000020000010       0x60 c:/st/stm32cubeide_1.6.1/stm32cubeide/plugins/com.st.stm32cube.ide.mcu.externaltools.gnu-tools-for-stm32.9-2020-q2-update.win32_1.5.0.202011040924/tools/bin/../lib/gcc/arm-none-eabi/9.3.1/../../../../arm-none-eabi/lib/thumb/v7e-m+fp/hard\libc_nano.a(lib_a-impure.o)
 *(.RamFunc)
 *(.RamFunc*)
                0x0000000020000070                . = ALIGN (0x4)
                0x0000000020000070                _edata = .

.igot.plt       0x0000000020000070        0x0 load address 0x00000000080058ec
 .igot.plt      0x0000000020000070        0x0 c:/st/stm32cubeide_1.6.1/stm32cubeide/plugins/com.st.stm32cube.ide.mcu.externaltools.gnu-tools-for-stm32.9-2020-q2-update.win32_1.5.0.202011040924/tools/bin/../lib/gcc/arm-none-eabi/9.3.1/thumb/v7e-m+fp/hard/crtbegin.o
                0x0000000020000070                . = ALIGN (0x4)

.bss            0x0000000020000070      0x4f0 load address 0x00000000080058ec
                0x0000000020000070                _sbss = .
                0x0000000020000070                __bss_start__ = _sbss
 *(.bss)
 .bss           0x0000000020000070       0x1c c:/st/stm32cubeide_1.6.1/stm32cubeide/plugins/com.st.stm32cube.ide.mcu.externaltools.gnu-tools-for-stm32.9-2020-q2-update.win32_1.5.0.202011040924/tools/bin/../lib/gcc/arm-none-eabi/9.3.1/thumb/v7e-m+fp/hard/crtbegin.o
 *(.bss*)
 .bss.funBuffer
                0x000000002000008c      0x3e8 Core/Src/main.o
                0x000000002000008c                funBuffer
 .bss.__sbrk_heap_end
                0x0000000020000474        0x4 Core/Src/sysmem.o
 .bss.__malloc_free_list
                0x0000000020000478        0x4 c:/st/stm32cubeide_1.6.1/stm32cubeide/plugins/com.st.stm32cube.ide.mcu.externaltools.gnu-tools-for-stm32.9-2020-q2-update.win32_1.5.0.202011040924/tools/bin/../lib/gcc/arm-none-eabi/9.3.1/../../../../arm-none-eabi/lib/thumb/v7e-m+fp/hard\libc_nano.a(lib_a-nano-mallocr.o)
                0x0000000020000478                __malloc_free_list
 .bss.__malloc_sbrk_start
                0x000000002000047c        0x4 c:/st/stm32cubeide_1.6.1/stm32cubeide/plugins/com.st.stm32cube.ide.mcu.externaltools.gnu-tools-for-stm32.9-2020-q2-update.win32_1.5.0.202011040924/tools/bin/../lib/gcc/arm-none-eabi/9.3.1/../../../../arm-none-eabi/lib/thumb/v7e-m+fp/hard\libc_nano.a(lib_a-nano-mallocr.o)
                0x000000002000047c                __malloc_sbrk_start
 *(COMMON)
 COMMON         0x0000000020000480       0xcc Core/Src/main.o
                0x0000000020000480                hdma_usart2_rx
                0x00000000200004c8                huart2
 COMMON         0x000000002000054c        0x4 Drivers/STM32L4xx_HAL_Driver/Src/stm32l4xx_hal.o
                0x000000002000054c                uwTick
 COMMON         0x0000000020000550        0x9 c:/st/stm32cubeide_1.6.1/stm32cubeide/plugins/com.st.stm32cube.ide.mcu.externaltools.gnu-tools-for-stm32.9-2020-q2-update.win32_1.5.0.202011040924/tools/bin/../lib/gcc/arm-none-eabi/9.3.1/../../../../arm-none-eabi/lib/thumb/v7e-m+fp/hard\libc_nano.a(lib_a-lock.o)
                0x0000000020000550                __lock___atexit_recursive_mutex
                0x0000000020000551                __lock___arc4random_mutex
                0x0000000020000552                __lock___env_recursive_mutex
                0x0000000020000553                __lock___sinit_recursive_mutex
                0x0000000020000554                __lock___malloc_recursive_mutex
                0x0000000020000555                __lock___at_quick_exit_mutex
                0x0000000020000556                __lock___dd_hash_mutex
                0x0000000020000557                __lock___tz_mutex
                0x0000000020000558                __lock___sfp_recursive_mutex
 *fill*         0x0000000020000559        0x3 
 COMMON         0x000000002000055c        0x4 c:/st/stm32cubeide_1.6.1/stm32cubeide/plugins/com.st.stm32cube.ide.mcu.externaltools.gnu-tools-for-stm32.9-2020-q2-update.win32_1.5.0.202011040924/tools/bin/../lib/gcc/arm-none-eabi/9.3.1/../../../../arm-none-eabi/lib/thumb/v7e-m+fp/hard\libc_nano.a(lib_a-reent.o)
                0x000000002000055c                errno
                0x0000000020000560                . = ALIGN (0x4)
                0x0000000020000560                _ebss = .
                0x0000000020000560                __bss_end__ = _ebss

._user_heap_stack
                0x0000000020000560      0x600 load address 0x00000000080058ec
                0x0000000020000560                . = ALIGN (0x8)
                [!provide]                        PROVIDE (end = .)
                0x0000000020000560                PROVIDE (_end = .)
                0x0000000020000760                . = (. + _Min_Heap_Size)
 *fill*         0x0000000020000560      0x200 
                0x0000000020000b60                . = (. + _Min_Stack_Size)
 *fill*         0x0000000020000760      0x400 
                0x0000000020000b60                . = ALIGN (0x8)

/DISCARD/
 libc.a(*)
 libm.a(*)
 libgcc.a(*)

.ARM.attributes
                0x0000000000000000       0x36
 *(.ARM.attributes)
 .ARM.attributes
                0x0000000000000000       0x1e c:/st/stm32cubeide_1.6.1/stm32cubeide/plugins/com.st.stm32cube.ide.mcu.externaltools.gnu-tools-for-stm32.9-2020-q2-update.win32_1.5.0.202011040924/tools/bin/../lib/gcc/arm-none-eabi/9.3.1/thumb/v7e-m+fp/hard/crti.o
 .ARM.attributes
                0x000000000000001e       0x34 c:/st/stm32cubeide_1.6.1/stm32cubeide/plugins/com.st.stm32cube.ide.mcu.externaltools.gnu-tools-for-stm32.9-2020-q2-update.win32_1.5.0.202011040924/tools/bin/../lib/gcc/arm-none-eabi/9.3.1/thumb/v7e-m+fp/hard/crtbegin.o
 .ARM.attributes
                0x0000000000000052       0x34 Core/Src/main.o
 .ARM.attributes
                0x0000000000000086       0x34 Core/Src/stm32l4xx_hal_msp.o
 .ARM.attributes
                0x00000000000000ba       0x34 Core/Src/stm32l4xx_it.o
 .ARM.attributes
                0x00000000000000ee       0x34 Core/Src/syscalls.o
 .ARM.attributes
                0x0000000000000122       0x34 Core/Src/sysmem.o
 .ARM.attributes
                0x0000000000000156       0x34 Core/Src/system_stm32l4xx.o
 .ARM.attributes
                0x000000000000018a       0x21 Core/Startup/startup_stm32l476rgtx.o
 .ARM.attributes
                0x00000000000001ab       0x34 Drivers/STM32L4xx_HAL_Driver/Src/stm32l4xx_hal.o
 .ARM.attributes
                0x00000000000001df       0x34 Drivers/STM32L4xx_HAL_Driver/Src/stm32l4xx_hal_cortex.o
 .ARM.attributes
                0x0000000000000213       0x34 Drivers/STM32L4xx_HAL_Driver/Src/stm32l4xx_hal_dma.o
 .ARM.attributes
                0x0000000000000247       0x34 Drivers/STM32L4xx_HAL_Driver/Src/stm32l4xx_hal_gpio.o
 .ARM.attributes
                0x000000000000027b       0x34 Drivers/STM32L4xx_HAL_Driver/Src/stm32l4xx_hal_pwr_ex.o
 .ARM.attributes
                0x00000000000002af       0x34 Drivers/STM32L4xx_HAL_Driver/Src/stm32l4xx_hal_rcc.o
 .ARM.attributes
                0x00000000000002e3       0x34 Drivers/STM32L4xx_HAL_Driver/Src/stm32l4xx_hal_rcc_ex.o
 .ARM.attributes
                0x0000000000000317       0x34 Drivers/STM32L4xx_HAL_Driver/Src/stm32l4xx_hal_uart.o
 .ARM.attributes
                0x000000000000034b       0x34 Drivers/STM32L4xx_HAL_Driver/Src/stm32l4xx_hal_uart_ex.o
 .ARM.attributes
                0x000000000000037f       0x3a C:/Users/R/STM32CubeIDE/workspace_1.6.1/nucleol476rg/libhellowrold.a(hellowrold-d68fd516baac8601.hellowrold.cgdufkul-cgu.0.rcgu.o)
 .ARM.attributes
                0x00000000000003b9       0x3a C:/Users/R/STM32CubeIDE/workspace_1.6.1/nucleol476rg/libhellowrold.a(compiler_builtins-09c3e5620e7b76e8.compiler_builtins.41a4mbyr-cgu.119.rcgu.o)
 .ARM.attributes
                0x00000000000003f3       0x3a C:/Users/R/STM32CubeIDE/workspace_1.6.1/nucleol476rg/libhellowrold.a(compiler_builtins-09c3e5620e7b76e8.compiler_builtins.41a4mbyr-cgu.92.rcgu.o)
 .ARM.attributes
                0x000000000000042d       0x3a C:/Users/R/STM32CubeIDE/workspace_1.6.1/nucleol476rg/libhellowrold.a(compiler_builtins-09c3e5620e7b76e8.compiler_builtins.41a4mbyr-cgu.44.rcgu.o)
 .ARM.attributes
                0x0000000000000467       0x3a C:/Users/R/STM32CubeIDE/workspace_1.6.1/nucleol476rg/libhellowrold.a(compiler_builtins-09c3e5620e7b76e8.compiler_builtins.41a4mbyr-cgu.85.rcgu.o)
 .ARM.attributes
                0x00000000000004a1       0x34 c:/st/stm32cubeide_1.6.1/stm32cubeide/plugins/com.st.stm32cube.ide.mcu.externaltools.gnu-tools-for-stm32.9-2020-q2-update.win32_1.5.0.202011040924/tools/bin/../lib/gcc/arm-none-eabi/9.3.1/../../../../arm-none-eabi/lib/thumb/v7e-m+fp/hard\libc_nano.a(lib_a-errno.o)
 .ARM.attributes
                0x00000000000004d5       0x34 c:/st/stm32cubeide_1.6.1/stm32cubeide/plugins/com.st.stm32cube.ide.mcu.externaltools.gnu-tools-for-stm32.9-2020-q2-update.win32_1.5.0.202011040924/tools/bin/../lib/gcc/arm-none-eabi/9.3.1/../../../../arm-none-eabi/lib/thumb/v7e-m+fp/hard\libc_nano.a(lib_a-fflush.o)
 .ARM.attributes
                0x0000000000000509       0x34 c:/st/stm32cubeide_1.6.1/stm32cubeide/plugins/com.st.stm32cube.ide.mcu.externaltools.gnu-tools-for-stm32.9-2020-q2-update.win32_1.5.0.202011040924/tools/bin/../lib/gcc/arm-none-eabi/9.3.1/../../../../arm-none-eabi/lib/thumb/v7e-m+fp/hard\libc_nano.a(lib_a-findfp.o)
 .ARM.attributes
                0x000000000000053d       0x34 c:/st/stm32cubeide_1.6.1/stm32cubeide/plugins/com.st.stm32cube.ide.mcu.externaltools.gnu-tools-for-stm32.9-2020-q2-update.win32_1.5.0.202011040924/tools/bin/../lib/gcc/arm-none-eabi/9.3.1/../../../../arm-none-eabi/lib/thumb/v7e-m+fp/hard\libc_nano.a(lib_a-fwalk.o)
 .ARM.attributes
                0x0000000000000571       0x32 c:/st/stm32cubeide_1.6.1/stm32cubeide/plugins/com.st.stm32cube.ide.mcu.externaltools.gnu-tools-for-stm32.9-2020-q2-update.win32_1.5.0.202011040924/tools/bin/../lib/gcc/arm-none-eabi/9.3.1/../../../../arm-none-eabi/lib/thumb/v7e-m+fp/hard\libc_nano.a(lib_a-impure.o)
 .ARM.attributes
                0x00000000000005a3       0x34 c:/st/stm32cubeide_1.6.1/stm32cubeide/plugins/com.st.stm32cube.ide.mcu.externaltools.gnu-tools-for-stm32.9-2020-q2-update.win32_1.5.0.202011040924/tools/bin/../lib/gcc/arm-none-eabi/9.3.1/../../../../arm-none-eabi/lib/thumb/v7e-m+fp/hard\libc_nano.a(lib_a-init.o)
 .ARM.attributes
                0x00000000000005d7       0x34 c:/st/stm32cubeide_1.6.1/stm32cubeide/plugins/com.st.stm32cube.ide.mcu.externaltools.gnu-tools-for-stm32.9-2020-q2-update.win32_1.5.0.202011040924/tools/bin/../lib/gcc/arm-none-eabi/9.3.1/../../../../arm-none-eabi/lib/thumb/v7e-m+fp/hard\libc_nano.a(lib_a-lock.o)
 .ARM.attributes
                0x000000000000060b       0x34 c:/st/stm32cubeide_1.6.1/stm32cubeide/plugins/com.st.stm32cube.ide.mcu.externaltools.gnu-tools-for-stm32.9-2020-q2-update.win32_1.5.0.202011040924/tools/bin/../lib/gcc/arm-none-eabi/9.3.1/../../../../arm-none-eabi/lib/thumb/v7e-m+fp/hard\libc_nano.a(lib_a-nano-freer.o)
 .ARM.attributes
                0x000000000000063f       0x34 c:/st/stm32cubeide_1.6.1/stm32cubeide/plugins/com.st.stm32cube.ide.mcu.externaltools.gnu-tools-for-stm32.9-2020-q2-update.win32_1.5.0.202011040924/tools/bin/../lib/gcc/arm-none-eabi/9.3.1/../../../../arm-none-eabi/lib/thumb/v7e-m+fp/hard\libc_nano.a(lib_a-nano-mallocr.o)
 .ARM.attributes
                0x0000000000000673       0x34 c:/st/stm32cubeide_1.6.1/stm32cubeide/plugins/com.st.stm32cube.ide.mcu.externaltools.gnu-tools-for-stm32.9-2020-q2-update.win32_1.5.0.202011040924/tools/bin/../lib/gcc/arm-none-eabi/9.3.1/../../../../arm-none-eabi/lib/thumb/v7e-m+fp/hard\libc_nano.a(lib_a-printf.o)
 .ARM.attributes
                0x00000000000006a7       0x34 c:/st/stm32cubeide_1.6.1/stm32cubeide/plugins/com.st.stm32cube.ide.mcu.externaltools.gnu-tools-for-stm32.9-2020-q2-update.win32_1.5.0.202011040924/tools/bin/../lib/gcc/arm-none-eabi/9.3.1/../../../../arm-none-eabi/lib/thumb/v7e-m+fp/hard\libc_nano.a(lib_a-puts.o)
 .ARM.attributes
                0x00000000000006db       0x34 c:/st/stm32cubeide_1.6.1/stm32cubeide/plugins/com.st.stm32cube.ide.mcu.externaltools.gnu-tools-for-stm32.9-2020-q2-update.win32_1.5.0.202011040924/tools/bin/../lib/gcc/arm-none-eabi/9.3.1/../../../../arm-none-eabi/lib/thumb/v7e-m+fp/hard\libc_nano.a(lib_a-sbrkr.o)
 .ARM.attributes
                0x000000000000070f       0x34 c:/st/stm32cubeide_1.6.1/stm32cubeide/plugins/com.st.stm32cube.ide.mcu.externaltools.gnu-tools-for-stm32.9-2020-q2-update.win32_1.5.0.202011040924/tools/bin/../lib/gcc/arm-none-eabi/9.3.1/../../../../arm-none-eabi/lib/thumb/v7e-m+fp/hard\libc_nano.a(lib_a-stdio.o)
 .ARM.attributes
                0x0000000000000743       0x34 c:/st/stm32cubeide_1.6.1/stm32cubeide/plugins/com.st.stm32cube.ide.mcu.externaltools.gnu-tools-for-stm32.9-2020-q2-update.win32_1.5.0.202011040924/tools/bin/../lib/gcc/arm-none-eabi/9.3.1/../../../../arm-none-eabi/lib/thumb/v7e-m+fp/hard\libc_nano.a(lib_a-wbuf.o)
 .ARM.attributes
                0x0000000000000777       0x34 c:/st/stm32cubeide_1.6.1/stm32cubeide/plugins/com.st.stm32cube.ide.mcu.externaltools.gnu-tools-for-stm32.9-2020-q2-update.win32_1.5.0.202011040924/tools/bin/../lib/gcc/arm-none-eabi/9.3.1/../../../../arm-none-eabi/lib/thumb/v7e-m+fp/hard\libc_nano.a(lib_a-writer.o)
 .ARM.attributes
                0x00000000000007ab       0x34 c:/st/stm32cubeide_1.6.1/stm32cubeide/plugins/com.st.stm32cube.ide.mcu.externaltools.gnu-tools-for-stm32.9-2020-q2-update.win32_1.5.0.202011040924/tools/bin/../lib/gcc/arm-none-eabi/9.3.1/../../../../arm-none-eabi/lib/thumb/v7e-m+fp/hard\libc_nano.a(lib_a-wsetup.o)
 .ARM.attributes
                0x00000000000007df       0x34 c:/st/stm32cubeide_1.6.1/stm32cubeide/plugins/com.st.stm32cube.ide.mcu.externaltools.gnu-tools-for-stm32.9-2020-q2-update.win32_1.5.0.202011040924/tools/bin/../lib/gcc/arm-none-eabi/9.3.1/../../../../arm-none-eabi/lib/thumb/v7e-m+fp/hard\libc_nano.a(lib_a-closer.o)
 .ARM.attributes
                0x0000000000000813       0x34 c:/st/stm32cubeide_1.6.1/stm32cubeide/plugins/com.st.stm32cube.ide.mcu.externaltools.gnu-tools-for-stm32.9-2020-q2-update.win32_1.5.0.202011040924/tools/bin/../lib/gcc/arm-none-eabi/9.3.1/../../../../arm-none-eabi/lib/thumb/v7e-m+fp/hard\libc_nano.a(lib_a-lseekr.o)
 .ARM.attributes
                0x0000000000000847       0x34 c:/st/stm32cubeide_1.6.1/stm32cubeide/plugins/com.st.stm32cube.ide.mcu.externaltools.gnu-tools-for-stm32.9-2020-q2-update.win32_1.5.0.202011040924/tools/bin/../lib/gcc/arm-none-eabi/9.3.1/../../../../arm-none-eabi/lib/thumb/v7e-m+fp/hard\libc_nano.a(lib_a-makebuf.o)
 .ARM.attributes
                0x000000000000087b       0x34 c:/st/stm32cubeide_1.6.1/stm32cubeide/plugins/com.st.stm32cube.ide.mcu.externaltools.gnu-tools-for-stm32.9-2020-q2-update.win32_1.5.0.202011040924/tools/bin/../lib/gcc/arm-none-eabi/9.3.1/../../../../arm-none-eabi/lib/thumb/v7e-m+fp/hard\libc_nano.a(lib_a-mlock.o)
 .ARM.attributes
                0x00000000000008af       0x34 c:/st/stm32cubeide_1.6.1/stm32cubeide/plugins/com.st.stm32cube.ide.mcu.externaltools.gnu-tools-for-stm32.9-2020-q2-update.win32_1.5.0.202011040924/tools/bin/../lib/gcc/arm-none-eabi/9.3.1/../../../../arm-none-eabi/lib/thumb/v7e-m+fp/hard\libc_nano.a(lib_a-nano-vfprintf.o)
 .ARM.attributes
                0x00000000000008e3       0x34 c:/st/stm32cubeide_1.6.1/stm32cubeide/plugins/com.st.stm32cube.ide.mcu.externaltools.gnu-tools-for-stm32.9-2020-q2-update.win32_1.5.0.202011040924/tools/bin/../lib/gcc/arm-none-eabi/9.3.1/../../../../arm-none-eabi/lib/thumb/v7e-m+fp/hard\libc_nano.a(lib_a-nano-vfprintf_i.o)
 .ARM.attributes
                0x0000000000000917       0x34 c:/st/stm32cubeide_1.6.1/stm32cubeide/plugins/com.st.stm32cube.ide.mcu.externaltools.gnu-tools-for-stm32.9-2020-q2-update.win32_1.5.0.202011040924/tools/bin/../lib/gcc/arm-none-eabi/9.3.1/../../../../arm-none-eabi/lib/thumb/v7e-m+fp/hard\libc_nano.a(lib_a-readr.o)
 .ARM.attributes
                0x000000000000094b       0x34 c:/st/stm32cubeide_1.6.1/stm32cubeide/plugins/com.st.stm32cube.ide.mcu.externaltools.gnu-tools-for-stm32.9-2020-q2-update.win32_1.5.0.202011040924/tools/bin/../lib/gcc/arm-none-eabi/9.3.1/../../../../arm-none-eabi/lib/thumb/v7e-m+fp/hard\libc_nano.a(lib_a-reent.o)
 .ARM.attributes
                0x000000000000097f       0x34 c:/st/stm32cubeide_1.6.1/stm32cubeide/plugins/com.st.stm32cube.ide.mcu.externaltools.gnu-tools-for-stm32.9-2020-q2-update.win32_1.5.0.202011040924/tools/bin/../lib/gcc/arm-none-eabi/9.3.1/../../../../arm-none-eabi/lib/thumb/v7e-m+fp/hard\libc_nano.a(lib_a-fstatr.o)
 .ARM.attributes
                0x00000000000009b3       0x34 c:/st/stm32cubeide_1.6.1/stm32cubeide/plugins/com.st.stm32cube.ide.mcu.externaltools.gnu-tools-for-stm32.9-2020-q2-update.win32_1.5.0.202011040924/tools/bin/../lib/gcc/arm-none-eabi/9.3.1/../../../../arm-none-eabi/lib/thumb/v7e-m+fp/hard\libc_nano.a(lib_a-isattyr.o)
 .ARM.attributes
                0x00000000000009e7       0x1c c:/st/stm32cubeide_1.6.1/stm32cubeide/plugins/com.st.stm32cube.ide.mcu.externaltools.gnu-tools-for-stm32.9-2020-q2-update.win32_1.5.0.202011040924/tools/bin/../lib/gcc/arm-none-eabi/9.3.1/../../../../arm-none-eabi/lib/thumb/v7e-m+fp/hard\libc_nano.a(lib_a-memchr.o)
 .ARM.attributes
                0x0000000000000a03       0x1e c:/st/stm32cubeide_1.6.1/stm32cubeide/plugins/com.st.stm32cube.ide.mcu.externaltools.gnu-tools-for-stm32.9-2020-q2-update.win32_1.5.0.202011040924/tools/bin/../lib/gcc/arm-none-eabi/9.3.1/thumb/v7e-m+fp/hard/crtn.o
OUTPUT(nucleol476rg.elf elf32-littlearm)
LOAD linker stubs
LOAD c:/st/stm32cubeide_1.6.1/stm32cubeide/plugins/com.st.stm32cube.ide.mcu.externaltools.gnu-tools-for-stm32.9-2020-q2-update.win32_1.5.0.202011040924/tools/bin/../lib/gcc/arm-none-eabi/9.3.1/../../../../arm-none-eabi/lib/thumb/v7e-m+fp/hard\libc.a
LOAD c:/st/stm32cubeide_1.6.1/stm32cubeide/plugins/com.st.stm32cube.ide.mcu.externaltools.gnu-tools-for-stm32.9-2020-q2-update.win32_1.5.0.202011040924/tools/bin/../lib/gcc/arm-none-eabi/9.3.1/../../../../arm-none-eabi/lib/thumb/v7e-m+fp/hard\libm.a
LOAD c:/st/stm32cubeide_1.6.1/stm32cubeide/plugins/com.st.stm32cube.ide.mcu.externaltools.gnu-tools-for-stm32.9-2020-q2-update.win32_1.5.0.202011040924/tools/bin/../lib/gcc/arm-none-eabi/9.3.1/thumb/v7e-m+fp/hard\libgcc.a

.debug_info     0x0000000000000000     0xe48e
 .debug_info    0x0000000000000000     0x1cea Core/Src/main.o
 .debug_info    0x0000000000001cea      0xee9 Core/Src/stm32l4xx_hal_msp.o
 .debug_info    0x0000000000002bd3      0x940 Core/Src/stm32l4xx_it.o
 .debug_info    0x0000000000003513      0xfa8 Core/Src/syscalls.o
 .debug_info    0x00000000000044bb      0xa25 Core/Src/sysmem.o
 .debug_info    0x0000000000004ee0      0x779 Core/Src/system_stm32l4xx.o
 .debug_info    0x0000000000005659       0x22 Core/Startup/startup_stm32l476rgtx.o
 .debug_info    0x000000000000567b      0xddb Drivers/STM32L4xx_HAL_Driver/Src/stm32l4xx_hal.o
 .debug_info    0x0000000000006456     0x102e Drivers/STM32L4xx_HAL_Driver/Src/stm32l4xx_hal_cortex.o
 .debug_info    0x0000000000007484      0x973 Drivers/STM32L4xx_HAL_Driver/Src/stm32l4xx_hal_dma.o
 .debug_info    0x0000000000007df7      0xa5f Drivers/STM32L4xx_HAL_Driver/Src/stm32l4xx_hal_gpio.o
 .debug_info    0x0000000000008856      0xbda Drivers/STM32L4xx_HAL_Driver/Src/stm32l4xx_hal_pwr_ex.o
 .debug_info    0x0000000000009430      0xe0b Drivers/STM32L4xx_HAL_Driver/Src/stm32l4xx_hal_rcc.o
 .debug_info    0x000000000000a23b     0x103f Drivers/STM32L4xx_HAL_Driver/Src/stm32l4xx_hal_rcc_ex.o
 .debug_info    0x000000000000b27a     0x1ac3 Drivers/STM32L4xx_HAL_Driver/Src/stm32l4xx_hal_uart.o
 .debug_info    0x000000000000cd3d      0xc67 Drivers/STM32L4xx_HAL_Driver/Src/stm32l4xx_hal_uart_ex.o
 .debug_info    0x000000000000d9a4      0x48c C:/Users/R/STM32CubeIDE/workspace_1.6.1/nucleol476rg/libhellowrold.a(compiler_builtins-09c3e5620e7b76e8.compiler_builtins.41a4mbyr-cgu.119.rcgu.o)
 .debug_info    0x000000000000de30      0x236 C:/Users/R/STM32CubeIDE/workspace_1.6.1/nucleol476rg/libhellowrold.a(compiler_builtins-09c3e5620e7b76e8.compiler_builtins.41a4mbyr-cgu.92.rcgu.o)
 .debug_info    0x000000000000e066      0x3b8 C:/Users/R/STM32CubeIDE/workspace_1.6.1/nucleol476rg/libhellowrold.a(compiler_builtins-09c3e5620e7b76e8.compiler_builtins.41a4mbyr-cgu.44.rcgu.o)
 .debug_info    0x000000000000e41e       0x70 C:/Users/R/STM32CubeIDE/workspace_1.6.1/nucleol476rg/libhellowrold.a(compiler_builtins-09c3e5620e7b76e8.compiler_builtins.41a4mbyr-cgu.85.rcgu.o)

.debug_abbrev   0x0000000000000000     0x22a6
 .debug_abbrev  0x0000000000000000      0x304 Core/Src/main.o
 .debug_abbrev  0x0000000000000304      0x1b5 Core/Src/stm32l4xx_hal_msp.o
 .debug_abbrev  0x00000000000004b9      0x163 Core/Src/stm32l4xx_it.o
 .debug_abbrev  0x000000000000061c      0x286 Core/Src/syscalls.o
 .debug_abbrev  0x00000000000008a2      0x1bf Core/Src/sysmem.o
 .debug_abbrev  0x0000000000000a61      0x165 Core/Src/system_stm32l4xx.o
 .debug_abbrev  0x0000000000000bc6       0x12 Core/Startup/startup_stm32l476rgtx.o
 .debug_abbrev  0x0000000000000bd8      0x227 Drivers/STM32L4xx_HAL_Driver/Src/stm32l4xx_hal.o
 .debug_abbrev  0x0000000000000dff      0x33c Drivers/STM32L4xx_HAL_Driver/Src/stm32l4xx_hal_cortex.o
 .debug_abbrev  0x000000000000113b      0x201 Drivers/STM32L4xx_HAL_Driver/Src/stm32l4xx_hal_dma.o
 .debug_abbrev  0x000000000000133c      0x1e8 Drivers/STM32L4xx_HAL_Driver/Src/stm32l4xx_hal_gpio.o
 .debug_abbrev  0x0000000000001524      0x1f3 Drivers/STM32L4xx_HAL_Driver/Src/stm32l4xx_hal_pwr_ex.o
 .debug_abbrev  0x0000000000001717      0x275 Drivers/STM32L4xx_HAL_Driver/Src/stm32l4xx_hal_rcc.o
 .debug_abbrev  0x000000000000198c      0x268 Drivers/STM32L4xx_HAL_Driver/Src/stm32l4xx_hal_rcc_ex.o
 .debug_abbrev  0x0000000000001bf4      0x23f Drivers/STM32L4xx_HAL_Driver/Src/stm32l4xx_hal_uart.o
 .debug_abbrev  0x0000000000001e33      0x20a Drivers/STM32L4xx_HAL_Driver/Src/stm32l4xx_hal_uart_ex.o
 .debug_abbrev  0x000000000000203d       0xd3 C:/Users/R/STM32CubeIDE/workspace_1.6.1/nucleol476rg/libhellowrold.a(compiler_builtins-09c3e5620e7b76e8.compiler_builtins.41a4mbyr-cgu.119.rcgu.o)
 .debug_abbrev  0x0000000000002110       0xa0 C:/Users/R/STM32CubeIDE/workspace_1.6.1/nucleol476rg/libhellowrold.a(compiler_builtins-09c3e5620e7b76e8.compiler_builtins.41a4mbyr-cgu.92.rcgu.o)
 .debug_abbrev  0x00000000000021b0       0xa3 C:/Users/R/STM32CubeIDE/workspace_1.6.1/nucleol476rg/libhellowrold.a(compiler_builtins-09c3e5620e7b76e8.compiler_builtins.41a4mbyr-cgu.44.rcgu.o)
 .debug_abbrev  0x0000000000002253       0x53 C:/Users/R/STM32CubeIDE/workspace_1.6.1/nucleol476rg/libhellowrold.a(compiler_builtins-09c3e5620e7b76e8.compiler_builtins.41a4mbyr-cgu.85.rcgu.o)

.debug_aranges  0x0000000000000000      0xbd0
 .debug_aranges
                0x0000000000000000       0x60 Core/Src/main.o
 .debug_aranges
                0x0000000000000060       0x30 Core/Src/stm32l4xx_hal_msp.o
 .debug_aranges
                0x0000000000000090       0x70 Core/Src/stm32l4xx_it.o
 .debug_aranges
                0x0000000000000100       0xa8 Core/Src/syscalls.o
 .debug_aranges
                0x00000000000001a8       0x20 Core/Src/sysmem.o
 .debug_aranges
                0x00000000000001c8       0x28 Core/Src/system_stm32l4xx.o
 .debug_aranges
                0x00000000000001f0       0x28 Core/Startup/startup_stm32l476rgtx.o
 .debug_aranges
                0x0000000000000218      0x130 Drivers/STM32L4xx_HAL_Driver/Src/stm32l4xx_hal.o
 .debug_aranges
                0x0000000000000348      0x118 Drivers/STM32L4xx_HAL_Driver/Src/stm32l4xx_hal_cortex.o
 .debug_aranges
                0x0000000000000460       0x80 Drivers/STM32L4xx_HAL_Driver/Src/stm32l4xx_hal_dma.o
 .debug_aranges
                0x00000000000004e0       0x58 Drivers/STM32L4xx_HAL_Driver/Src/stm32l4xx_hal_gpio.o
 .debug_aranges
                0x0000000000000538      0x150 Drivers/STM32L4xx_HAL_Driver/Src/stm32l4xx_hal_pwr_ex.o
 .debug_aranges
                0x0000000000000688       0x88 Drivers/STM32L4xx_HAL_Driver/Src/stm32l4xx_hal_rcc.o
 .debug_aranges
                0x0000000000000710       0xc0 Drivers/STM32L4xx_HAL_Driver/Src/stm32l4xx_hal_rcc_ex.o
 .debug_aranges
                0x00000000000007d0      0x228 Drivers/STM32L4xx_HAL_Driver/Src/stm32l4xx_hal_uart.o
 .debug_aranges
                0x00000000000009f8       0x78 Drivers/STM32L4xx_HAL_Driver/Src/stm32l4xx_hal_uart_ex.o
 .debug_aranges
                0x0000000000000a70       0x80 C:/Users/R/STM32CubeIDE/workspace_1.6.1/nucleol476rg/libhellowrold.a(compiler_builtins-09c3e5620e7b76e8.compiler_builtins.41a4mbyr-cgu.119.rcgu.o)
 .debug_aranges
                0x0000000000000af0       0x88 C:/Users/R/STM32CubeIDE/workspace_1.6.1/nucleol476rg/libhellowrold.a(compiler_builtins-09c3e5620e7b76e8.compiler_builtins.41a4mbyr-cgu.92.rcgu.o)
 .debug_aranges
                0x0000000000000b78       0x38 C:/Users/R/STM32CubeIDE/workspace_1.6.1/nucleol476rg/libhellowrold.a(compiler_builtins-09c3e5620e7b76e8.compiler_builtins.41a4mbyr-cgu.44.rcgu.o)
 .debug_aranges
                0x0000000000000bb0       0x20 C:/Users/R/STM32CubeIDE/workspace_1.6.1/nucleol476rg/libhellowrold.a(compiler_builtins-09c3e5620e7b76e8.compiler_builtins.41a4mbyr-cgu.85.rcgu.o)

.debug_ranges   0x0000000000000000      0xf20
 .debug_ranges  0x0000000000000000       0x50 Core/Src/main.o
 .debug_ranges  0x0000000000000050       0x20 Core/Src/stm32l4xx_hal_msp.o
 .debug_ranges  0x0000000000000070       0x60 Core/Src/stm32l4xx_it.o
 .debug_ranges  0x00000000000000d0       0x98 Core/Src/syscalls.o
 .debug_ranges  0x0000000000000168       0x10 Core/Src/sysmem.o
 .debug_ranges  0x0000000000000178       0x18 Core/Src/system_stm32l4xx.o
 .debug_ranges  0x0000000000000190       0x20 Core/Startup/startup_stm32l476rgtx.o
 .debug_ranges  0x00000000000001b0      0x120 Drivers/STM32L4xx_HAL_Driver/Src/stm32l4xx_hal.o
 .debug_ranges  0x00000000000002d0      0x108 Drivers/STM32L4xx_HAL_Driver/Src/stm32l4xx_hal_cortex.o
 .debug_ranges  0x00000000000003d8       0x70 Drivers/STM32L4xx_HAL_Driver/Src/stm32l4xx_hal_dma.o
 .debug_ranges  0x0000000000000448       0x48 Drivers/STM32L4xx_HAL_Driver/Src/stm32l4xx_hal_gpio.o
 .debug_ranges  0x0000000000000490      0x140 Drivers/STM32L4xx_HAL_Driver/Src/stm32l4xx_hal_pwr_ex.o
 .debug_ranges  0x00000000000005d0       0x78 Drivers/STM32L4xx_HAL_Driver/Src/stm32l4xx_hal_rcc.o
 .debug_ranges  0x0000000000000648       0xb0 Drivers/STM32L4xx_HAL_Driver/Src/stm32l4xx_hal_rcc_ex.o
 .debug_ranges  0x00000000000006f8      0x248 Drivers/STM32L4xx_HAL_Driver/Src/stm32l4xx_hal_uart.o
 .debug_ranges  0x0000000000000940       0x68 Drivers/STM32L4xx_HAL_Driver/Src/stm32l4xx_hal_uart_ex.o
 .debug_ranges  0x00000000000009a8      0x208 C:/Users/R/STM32CubeIDE/workspace_1.6.1/nucleol476rg/libhellowrold.a(compiler_builtins-09c3e5620e7b76e8.compiler_builtins.41a4mbyr-cgu.119.rcgu.o)
 .debug_ranges  0x0000000000000bb0      0x170 C:/Users/R/STM32CubeIDE/workspace_1.6.1/nucleol476rg/libhellowrold.a(compiler_builtins-09c3e5620e7b76e8.compiler_builtins.41a4mbyr-cgu.92.rcgu.o)
 .debug_ranges  0x0000000000000d20      0x200 C:/Users/R/STM32CubeIDE/workspace_1.6.1/nucleol476rg/libhellowrold.a(compiler_builtins-09c3e5620e7b76e8.compiler_builtins.41a4mbyr-cgu.44.rcgu.o)

.debug_macro    0x0000000000000000    0x27072
 .debug_macro   0x0000000000000000      0x3b7 Core/Src/main.o
 .debug_macro   0x00000000000003b7      0xaa8 Core/Src/main.o
 .debug_macro   0x0000000000000e5f      0x1a7 Core/Src/main.o
 .debug_macro   0x0000000000001006       0x2e Core/Src/main.o
 .debug_macro   0x0000000000001034       0x28 Core/Src/main.o
 .debug_macro   0x000000000000105c       0x22 Core/Src/main.o
 .debug_macro   0x000000000000107e       0x8e Core/Src/main.o
 .debug_macro   0x000000000000110c       0x51 Core/Src/main.o
 .debug_macro   0x000000000000115d      0x103 Core/Src/main.o
 .debug_macro   0x0000000000001260       0x6a Core/Src/main.o
 .debug_macro   0x00000000000012ca      0x1df Core/Src/main.o
 .debug_macro   0x00000000000014a9       0x1c Core/Src/main.o
 .debug_macro   0x00000000000014c5       0x22 Core/Src/main.o
 .debug_macro   0x00000000000014e7      0x101 Core/Src/main.o
 .debug_macro   0x00000000000015e8     0x1011 Core/Src/main.o
 .debug_macro   0x00000000000025f9      0x11f Core/Src/main.o
 .debug_macro   0x0000000000002718    0x1a13d Core/Src/main.o
 .debug_macro   0x000000000001c855       0x43 Core/Src/main.o
 .debug_macro   0x000000000001c898     0x3897 Core/Src/main.o
 .debug_macro   0x000000000002012f      0x174 Core/Src/main.o
 .debug_macro   0x00000000000202a3       0x5c Core/Src/main.o
 .debug_macro   0x00000000000202ff     0x155f Core/Src/main.o
 .debug_macro   0x000000000002185e      0x59e Core/Src/main.o
 .debug_macro   0x0000000000021dfc      0x13d Core/Src/main.o
 .debug_macro   0x0000000000021f39      0x18b Core/Src/main.o
 .debug_macro   0x00000000000220c4      0x26b Core/Src/main.o
 .debug_macro   0x000000000002232f      0x23d Core/Src/main.o
 .debug_macro   0x000000000002256c      0x241 Core/Src/main.o
 .debug_macro   0x00000000000227ad      0x37c Core/Src/main.o
 .debug_macro   0x0000000000022b29       0xd6 Core/Src/main.o
 .debug_macro   0x0000000000022bff      0x22c Core/Src/main.o
 .debug_macro   0x0000000000022e2b       0x61 Core/Src/main.o
 .debug_macro   0x0000000000022e8c       0xa5 Core/Src/main.o
 .debug_macro   0x0000000000022f31      0x122 Core/Src/main.o
 .debug_macro   0x0000000000023053      0x3e9 Core/Src/main.o
 .debug_macro   0x000000000002343c      0x5ba Core/Src/main.o
 .debug_macro   0x00000000000239f6       0x44 Core/Src/main.o
 .debug_macro   0x0000000000023a3a      0x331 Core/Src/main.o
 .debug_macro   0x0000000000023d6b       0x58 Core/Src/main.o
 .debug_macro   0x0000000000023dc3       0x52 Core/Src/main.o
 .debug_macro   0x0000000000023e15       0x18 Core/Src/main.o
 .debug_macro   0x0000000000023e2d       0x3c Core/Src/main.o
 .debug_macro   0x0000000000023e69       0x34 Core/Src/main.o
 .debug_macro   0x0000000000023e9d       0x16 Core/Src/main.o
 .debug_macro   0x0000000000023eb3       0x35 Core/Src/main.o
 .debug_macro   0x0000000000023ee8      0x333 Core/Src/main.o
 .debug_macro   0x000000000002421b       0x10 Core/Src/main.o
 .debug_macro   0x000000000002422b       0x16 Core/Src/main.o
 .debug_macro   0x0000000000024241       0x43 Core/Src/main.o
 .debug_macro   0x0000000000024284       0x34 Core/Src/main.o
 .debug_macro   0x00000000000242b8       0x10 Core/Src/main.o
 .debug_macro   0x00000000000242c8       0x58 Core/Src/main.o
 .debug_macro   0x0000000000024320       0x71 Core/Src/main.o
 .debug_macro   0x0000000000024391       0x1c Core/Src/main.o
 .debug_macro   0x00000000000243ad      0x12a Core/Src/main.o
 .debug_macro   0x00000000000244d7       0x10 Core/Src/main.o
 .debug_macro   0x00000000000244e7       0x1c Core/Src/main.o
 .debug_macro   0x0000000000024503       0x52 Core/Src/main.o
 .debug_macro   0x0000000000024555       0x22 Core/Src/main.o
 .debug_macro   0x0000000000024577       0x10 Core/Src/main.o
 .debug_macro   0x0000000000024587       0x40 Core/Src/main.o
 .debug_macro   0x00000000000245c7       0xd5 Core/Src/main.o
 .debug_macro   0x000000000002469c       0x1c Core/Src/main.o
 .debug_macro   0x00000000000246b8       0x3d Core/Src/main.o
 .debug_macro   0x00000000000246f5       0x16 Core/Src/main.o
 .debug_macro   0x000000000002470b      0x145 Core/Src/main.o
 .debug_macro   0x0000000000024850       0x16 Core/Src/main.o
 .debug_macro   0x0000000000024866       0x20 Core/Src/main.o
 .debug_macro   0x0000000000024886       0x4c Core/Src/main.o
 .debug_macro   0x00000000000248d2       0x22 Core/Src/main.o
 .debug_macro   0x00000000000248f4       0x16 Core/Src/main.o
 .debug_macro   0x000000000002490a       0x16 Core/Src/main.o
 .debug_macro   0x0000000000024920       0x29 Core/Src/main.o
 .debug_macro   0x0000000000024949      0x1d4 Core/Src/stm32l4xx_hal_msp.o
 .debug_macro   0x0000000000024b1d      0x1de Core/Src/stm32l4xx_it.o
 .debug_macro   0x0000000000024cfb      0x24c Core/Src/syscalls.o
 .debug_macro   0x0000000000024f47       0x4c Core/Src/syscalls.o
 .debug_macro   0x0000000000024f93       0x94 Core/Src/syscalls.o
 .debug_macro   0x0000000000025027       0x57 Core/Src/syscalls.o
 .debug_macro   0x000000000002507e      0x339 Core/Src/syscalls.o
 .debug_macro   0x00000000000253b7       0x10 Core/Src/syscalls.o
 .debug_macro   0x00000000000253c7       0x10 Core/Src/syscalls.o
 .debug_macro   0x00000000000253d7       0x10 Core/Src/syscalls.o
 .debug_macro   0x00000000000253e7       0x35 Core/Src/syscalls.o
 .debug_macro   0x000000000002541c      0x12c Core/Src/syscalls.o
 .debug_macro   0x0000000000025548       0x10 Core/Src/syscalls.o
 .debug_macro   0x0000000000025558      0x241 Core/Src/syscalls.o
 .debug_macro   0x0000000000025799       0x1c Core/Src/syscalls.o
 .debug_macro   0x00000000000257b5       0x10 Core/Src/syscalls.o
 .debug_macro   0x00000000000257c5      0x189 Core/Src/syscalls.o
 .debug_macro   0x000000000002594e       0x16 Core/Src/syscalls.o
 .debug_macro   0x0000000000025964       0xce Core/Src/syscalls.o
 .debug_macro   0x0000000000025a32       0xff Core/Src/sysmem.o
 .debug_macro   0x0000000000025b31      0x23b Core/Src/sysmem.o
 .debug_macro   0x0000000000025d6c      0x1c5 Core/Src/system_stm32l4xx.o
 .debug_macro   0x0000000000025f31      0x213 Drivers/STM32L4xx_HAL_Driver/Src/stm32l4xx_hal.o
 .debug_macro   0x0000000000026144      0x1c5 Drivers/STM32L4xx_HAL_Driver/Src/stm32l4xx_hal_cortex.o
 .debug_macro   0x0000000000026309      0x1c5 Drivers/STM32L4xx_HAL_Driver/Src/stm32l4xx_hal_dma.o
 .debug_macro   0x00000000000264ce      0x204 Drivers/STM32L4xx_HAL_Driver/Src/stm32l4xx_hal_gpio.o
 .debug_macro   0x00000000000266d2      0x1e9 Drivers/STM32L4xx_HAL_Driver/Src/stm32l4xx_hal_pwr_ex.o
 .debug_macro   0x00000000000268bb      0x207 Drivers/STM32L4xx_HAL_Driver/Src/stm32l4xx_hal_rcc.o
 .debug_macro   0x0000000000026ac2      0x1fb Drivers/STM32L4xx_HAL_Driver/Src/stm32l4xx_hal_rcc_ex.o
 .debug_macro   0x0000000000026cbd      0x1f0 Drivers/STM32L4xx_HAL_Driver/Src/stm32l4xx_hal_uart.o
 .debug_macro   0x0000000000026ead      0x1c5 Drivers/STM32L4xx_HAL_Driver/Src/stm32l4xx_hal_uart_ex.o

.debug_line     0x0000000000000000     0xd20b
 .debug_line    0x0000000000000000      0xb06 Core/Src/main.o
 .debug_line    0x0000000000000b06      0x73e Core/Src/stm32l4xx_hal_msp.o
 .debug_line    0x0000000000001244      0x7ba Core/Src/stm32l4xx_it.o
 .debug_line    0x00000000000019fe      0x802 Core/Src/syscalls.o
 .debug_line    0x0000000000002200      0x4f8 Core/Src/sysmem.o
 .debug_line    0x00000000000026f8      0x778 Core/Src/system_stm32l4xx.o
 .debug_line    0x0000000000002e70       0x87 Core/Startup/startup_stm32l476rgtx.o
 .debug_line    0x0000000000002ef7      0xab8 Drivers/STM32L4xx_HAL_Driver/Src/stm32l4xx_hal.o
 .debug_line    0x00000000000039af      0xc5e Drivers/STM32L4xx_HAL_Driver/Src/stm32l4xx_hal_cortex.o
 .debug_line    0x000000000000460d      0xc96 Drivers/STM32L4xx_HAL_Driver/Src/stm32l4xx_hal_dma.o
 .debug_line    0x00000000000052a3      0xb31 Drivers/STM32L4xx_HAL_Driver/Src/stm32l4xx_hal_gpio.o
 .debug_line    0x0000000000005dd4      0xc73 Drivers/STM32L4xx_HAL_Driver/Src/stm32l4xx_hal_pwr_ex.o
 .debug_line    0x0000000000006a47      0xefb Drivers/STM32L4xx_HAL_Driver/Src/stm32l4xx_hal_rcc.o
 .debug_line    0x0000000000007942     0x1470 Drivers/STM32L4xx_HAL_Driver/Src/stm32l4xx_hal_rcc_ex.o
 .debug_line    0x0000000000008db2     0x1d48 Drivers/STM32L4xx_HAL_Driver/Src/stm32l4xx_hal_uart.o